Archive member included because of file (symbol)

/root/ciaa-ide/gcc-arm-none-eabi-4_9-2015q1/bin/../lib/gcc/arm-none-eabi/4.9.3/armv7e-m/fpu/libgcc.a(_aeabi_ldivmod.o)
                              myProject/out/libs/sapi/sapi_r0.5.0/src/sapi_convert.o (__aeabi_ldivmod)
/root/ciaa-ide/gcc-arm-none-eabi-4_9-2015q1/bin/../lib/gcc/arm-none-eabi/4.9.3/armv7e-m/fpu/libgcc.a(_aeabi_uldivmod.o)
                              myProject/out/libs/sapi/sapi_r0.5.0/src/sapi_delay.o (__aeabi_uldivmod)
/root/ciaa-ide/gcc-arm-none-eabi-4_9-2015q1/bin/../lib/gcc/arm-none-eabi/4.9.3/armv7e-m/fpu/libgcc.a(bpabi.o)
                              /root/ciaa-ide/gcc-arm-none-eabi-4_9-2015q1/bin/../lib/gcc/arm-none-eabi/4.9.3/armv7e-m/fpu/libgcc.a(_aeabi_ldivmod.o) (__gnu_ldivmod_helper)
/root/ciaa-ide/gcc-arm-none-eabi-4_9-2015q1/bin/../lib/gcc/arm-none-eabi/4.9.3/armv7e-m/fpu/libgcc.a(_dvmd_tls.o)
                              /root/ciaa-ide/gcc-arm-none-eabi-4_9-2015q1/bin/../lib/gcc/arm-none-eabi/4.9.3/armv7e-m/fpu/libgcc.a(_aeabi_ldivmod.o) (__aeabi_ldiv0)
/root/ciaa-ide/gcc-arm-none-eabi-4_9-2015q1/bin/../lib/gcc/arm-none-eabi/4.9.3/armv7e-m/fpu/libgcc.a(_divdi3.o)
                              /root/ciaa-ide/gcc-arm-none-eabi-4_9-2015q1/bin/../lib/gcc/arm-none-eabi/4.9.3/armv7e-m/fpu/libgcc.a(bpabi.o) (__divdi3)
/root/ciaa-ide/gcc-arm-none-eabi-4_9-2015q1/bin/../lib/gcc/arm-none-eabi/4.9.3/armv7e-m/fpu/libgcc.a(_udivdi3.o)
                              /root/ciaa-ide/gcc-arm-none-eabi-4_9-2015q1/bin/../lib/gcc/arm-none-eabi/4.9.3/armv7e-m/fpu/libgcc.a(bpabi.o) (__udivdi3)
/root/ciaa-ide/gcc-arm-none-eabi-4_9-2015q1/bin/../lib/gcc/arm-none-eabi/4.9.3/../../../../arm-none-eabi/lib/armv7e-m/fpu/libc_nano.a(lib_a-memcpy.o)
                              myProject/out/libs/vendor_libs/lpc_chip_43xx/src/ring_buffer.o (memcpy)
/root/ciaa-ide/gcc-arm-none-eabi-4_9-2015q1/bin/../lib/gcc/arm-none-eabi/4.9.3/../../../../arm-none-eabi/lib/armv7e-m/fpu/libc_nano.a(lib_a-memset.o)
                              myProject/out/libs/vendor_libs/lpc_chip_43xx/src/clock_18xx_43xx.o (memset)

Allocating common symbols
Common symbol       size              file

toggleDelay         0x18              myProject/out/myProject/src/sAPI_program.o
SystemCoreClock     0x4               myProject/out/libs/vendor_libs/lpc_chip_43xx/src/chip_18xx_43xx.o
tickCounter         0x8               myProject/out/libs/sapi/sapi_r0.5.0/src/sapi_tick.o
delayTec2           0x18              myProject/out/myProject/src/sAPI_program.o
tickRateMS          0x8               myProject/out/libs/sapi/sapi_r0.5.0/src/sapi_tick.o
delayTec1           0x18              myProject/out/myProject/src/sAPI_program.o

Discarded input sections

 .group         0x00000000        0x8 myProject/out/myProject/src/sAPI_program.o
 .group         0x00000000        0x8 myProject/out/myProject/src/sAPI_program.o
 .group         0x00000000        0x8 myProject/out/myProject/src/sAPI_program.o
 .group         0x00000000        0x8 myProject/out/myProject/src/sAPI_program.o
 .group         0x00000000        0x8 myProject/out/myProject/src/sAPI_program.o
 .group         0x00000000        0x8 myProject/out/myProject/src/sAPI_program.o
 .group         0x00000000        0x8 myProject/out/myProject/src/sAPI_program.o
 .group         0x00000000        0x8 myProject/out/myProject/src/sAPI_program.o
 .group         0x00000000        0x8 myProject/out/myProject/src/sAPI_program.o
 .group         0x00000000        0x8 myProject/out/myProject/src/sAPI_program.o
 .group         0x00000000        0x8 myProject/out/myProject/src/sAPI_program.o
 .group         0x00000000        0x8 myProject/out/myProject/src/sAPI_program.o
 .group         0x00000000        0x8 myProject/out/myProject/src/sAPI_program.o
 .group         0x00000000        0x8 myProject/out/myProject/src/sAPI_program.o
 .group         0x00000000        0x8 myProject/out/myProject/src/sAPI_program.o
 .group         0x00000000        0x8 myProject/out/myProject/src/sAPI_program.o
 .group         0x00000000        0x8 myProject/out/myProject/src/sAPI_program.o
 .group         0x00000000        0x8 myProject/out/myProject/src/sAPI_program.o
 .group         0x00000000        0x8 myProject/out/myProject/src/sAPI_program.o
 .group         0x00000000        0x8 myProject/out/myProject/src/sAPI_program.o
 .group         0x00000000        0x8 myProject/out/myProject/src/sAPI_program.o
 .group         0x00000000        0x8 myProject/out/myProject/src/sAPI_program.o
 .group         0x00000000        0x8 myProject/out/myProject/src/sAPI_program.o
 .group         0x00000000        0x8 myProject/out/myProject/src/sAPI_program.o
 .group         0x00000000        0x8 myProject/out/myProject/src/sAPI_program.o
 .group         0x00000000        0x8 myProject/out/myProject/src/sAPI_program.o
 .group         0x00000000        0x8 myProject/out/myProject/src/sAPI_program.o
 .group         0x00000000        0x8 myProject/out/myProject/src/sAPI_program.o
[...]
Memory Configuration

Name             Origin             Length             Attributes
MFlashA512       0x1a000000         0x00080000         xr
MFlashB512       0x1b000000         0x00080000         xr
RamLoc32         0x10000000         0x00008000         xrw
RamLoc40         0x10080000         0x0000a000         xrw
RamAHB32         0x20000000         0x00008000         xrw
RamAHB16         0x20008000         0x00004000         xrw
RamAHB_ETB16     0x2000c000         0x00004000         xrw
*default*        0x00000000         0xffffffff

Linker script and memory map

LOAD myProject/out/myProject/src/sAPI_program.o
LOAD myProject/out/libs/sapi/sapi_r0.5.0/src/sapi_keypad.o
LOAD myProject/out/libs/sapi/sapi_r0.5.0/src/sapi_sct.o
LOAD myProject/out/libs/sapi/sapi_r0.5.0/src/sapi_dac.o
LOAD myProject/out/libs/sapi/sapi_r0.5.0/src/sapi_rtc.o
LOAD myProject/out/libs/sapi/sapi_r0.5.0/src/sapi_sleep.o
LOAD myProject/out/libs/sapi/sapi_r0.5.0/src/sapi_7_segment_display.o
LOAD myProject/out/libs/sapi/sapi_r0.5.0/src/sapi_hmc5883l.o
LOAD myProject/out/libs/sapi/sapi_r0.5.0/src/sapi_uart.o
LOAD myProject/out/libs/sapi/sapi_r0.5.0/src/sapi_servo.o
LOAD myProject/out/libs/sapi/sapi_r0.5.0/src/sapi_spi.o
LOAD myProject/out/libs/sapi/sapi_r0.5.0/src/sapi_datatypes.o
LOAD myProject/out/libs/sapi/sapi_r0.5.0/src/sapi_pwm.o
LOAD myProject/out/libs/sapi/sapi_r0.5.0/src/sapi_timer.o
LOAD myProject/out/libs/sapi/sapi_r0.5.0/src/sapi_delay.o
LOAD myProject/out/libs/sapi/sapi_r0.5.0/src/sapi_tick.o
LOAD myProject/out/libs/sapi/sapi_r0.5.0/src/sapi_i2c.o
LOAD myProject/out/libs/sapi/sapi_r0.5.0/src/sapi_circularBuffer.o
LOAD myProject/out/libs/sapi/sapi_r0.5.0/src/sapi_adc.o
LOAD myProject/out/libs/sapi/sapi_r0.5.0/src/sapi_print.o
LOAD myProject/out/libs/sapi/sapi_r0.5.0/src/sapi_board.o
LOAD myProject/out/libs/sapi/sapi_r0.5.0/src/sapi_convert.o
LOAD myProject/out/libs/sapi/sapi_r0.5.0/src/sapi_gpio.o
LOAD myProject/out/libs/vendor_libs/lpc_board_ciaa_edu_4337/src/board.o
LOAD myProject/out/libs/vendor_libs/lpc_board_ciaa_edu_4337/src/system.o
LOAD myProject/out/libs/vendor_libs/lpc_board_ciaa_edu_4337/src/sysinit.o
LOAD myProject/out/libs/vendor_libs/lpc_board_ciaa_edu_4337/src/board_sysinit.o
LOAD myProject/out/libs/vendor_libs/lpc_chip_43xx/src/gpiogroup_18xx_43xx.o
LOAD myProject/out/libs/vendor_libs/lpc_chip_43xx/src/emc_18xx_43xx.o
LOAD myProject/out/libs/vendor_libs/lpc_chip_43xx/src/dac_18xx_43xx.o
LOAD myProject/out/libs/vendor_libs/lpc_chip_43xx/src/ritimer_18xx_43xx.o
LOAD myProject/out/libs/vendor_libs/lpc_chip_43xx/src/aes_18xx_43xx.o
LOAD myProject/out/libs/vendor_libs/lpc_chip_43xx/src/uart_18xx_43xx.o
LOAD myProject/out/libs/vendor_libs/lpc_chip_43xx/src/adc_18xx_43xx.o
LOAD myProject/out/libs/vendor_libs/lpc_chip_43xx/src/stopwatch_18xx_43xx.o
LOAD myProject/out/libs/vendor_libs/lpc_chip_43xx/src/ring_buffer.o
LOAD myProject/out/libs/vendor_libs/lpc_chip_43xx/src/ccan_18xx_43xx.o
LOAD myProject/out/libs/vendor_libs/lpc_chip_43xx/src/chip_18xx_43xx.o
LOAD myProject/out/libs/vendor_libs/lpc_chip_43xx/src/pmc_18xx_43xx.o
LOAD myProject/out/libs/vendor_libs/lpc_chip_43xx/src/clock_18xx_43xx.o
LOAD myProject/out/libs/vendor_libs/lpc_chip_43xx/src/otp_18xx_43xx.o
LOAD myProject/out/libs/vendor_libs/lpc_chip_43xx/src/sysinit_18xx_43xx.o
LOAD myProject/out/libs/vendor_libs/lpc_chip_43xx/src/atimer_18xx_43xx.o
LOAD myProject/out/libs/vendor_libs/lpc_chip_43xx/src/sdif_18xx_43xx.o
LOAD myProject/out/libs/vendor_libs/lpc_chip_43xx/src/timer_18xx_43xx.o
LOAD myProject/out/libs/vendor_libs/lpc_chip_43xx/src/iap_18xx_43xx.o
LOAD myProject/out/libs/vendor_libs/lpc_chip_43xx/src/wwdt_18xx_43xx.o
LOAD myProject/out/libs/vendor_libs/lpc_chip_43xx/src/i2cm_18xx_43xx.o
LOAD myProject/out/libs/vendor_libs/lpc_chip_43xx/src/pinint_18xx_43xx.o
LOAD myProject/out/libs/vendor_libs/lpc_chip_43xx/src/rtc_18xx_43xx.o
LOAD myProject/out/libs/vendor_libs/lpc_chip_43xx/src/sct_18xx_43xx.o
LOAD myProject/out/libs/vendor_libs/lpc_chip_43xx/src/fpu_init.o
LOAD myProject/out/libs/vendor_libs/lpc_chip_43xx/src/eeprom_18xx_43xx.o
LOAD myProject/out/libs/vendor_libs/lpc_chip_43xx/src/sdmmc_18xx_43xx.o
LOAD myProject/out/libs/vendor_libs/lpc_chip_43xx/src/spi_18xx_43xx.o
LOAD myProject/out/libs/vendor_libs/lpc_chip_43xx/src/gpio_18xx_43xx.o
LOAD myProject/out/libs/vendor_libs/lpc_chip_43xx/src/i2s_18xx_43xx.o
LOAD myProject/out/libs/vendor_libs/lpc_chip_43xx/src/gpdma_18xx_43xx.o
LOAD myProject/out/libs/vendor_libs/lpc_chip_43xx/src/sct_pwm_18xx_43xx.o
LOAD myProject/out/libs/vendor_libs/lpc_chip_43xx/src/sdio_18xx_43xx.o
LOAD myProject/out/libs/vendor_libs/lpc_chip_43xx/src/evrt_18xx_43xx.o
LOAD myProject/out/libs/vendor_libs/lpc_chip_43xx/src/enet_18xx_43xx.o
LOAD myProject/out/libs/vendor_libs/lpc_chip_43xx/src/ssp_18xx_43xx.o
LOAD myProject/out/libs/vendor_libs/lpc_chip_43xx/src/lcd_18xx_43xx.o
LOAD myProject/out/libs/vendor_libs/lpc_chip_43xx/src/i2c_18xx_43xx.o
LOAD myProject/out/libs/vendor_libs/lpc_startup/src/crp.o
LOAD myProject/out/libs/vendor_libs/lpc_startup/src/cr_startup_lpc43xx.o
START GROUP
LOAD /root/ciaa-ide/gcc-arm-none-eabi-4_9-2015q1/bin/../lib/gcc/arm-none-eabi/4.9.3/armv7e-m/fpu/libgcc.a
LOAD /root/ciaa-ide/gcc-arm-none-eabi-4_9-2015q1/bin/../lib/gcc/arm-none-eabi/4.9.3/../../../../arm-none-eabi/lib/armv7e-m/fpu/libc_nano.a
END GROUP
START GROUP
LOAD /root/ciaa-ide/gcc-arm-none-eabi-4_9-2015q1/bin/../lib/gcc/arm-none-eabi/4.9.3/armv7e-m/fpu/libgcc.a
LOAD /root/ciaa-ide/gcc-arm-none-eabi-4_9-2015q1/bin/../lib/gcc/arm-none-eabi/4.9.3/../../../../arm-none-eabi/lib/armv7e-m/fpu/libc_nano.a
END GROUP
                0x1a080000                __top_MFlashA512 = 0x1a080000
                0x1b080000                __top_MFlashB512 = 0x1b080000
                0x10008000                __top_RamLoc32 = 0x10008000
                0x1008a000                __top_RamLoc40 = 0x1008a000
                0x20008000                __top_RamAHB32 = 0x20008000
                0x2000c000                __top_RamAHB16 = 0x2000c000
                0x20010000                __top_RamAHB_ETB16 = 0x20010000
START GROUP
LOAD /root/ciaa-ide/gcc-arm-none-eabi-4_9-2015q1/bin/../lib/gcc/arm-none-eabi/4.9.3/armv7e-m/fpu/libgcc.a
LOAD /root/ciaa-ide/gcc-arm-none-eabi-4_9-2015q1/bin/../lib/gcc/arm-none-eabi/4.9.3/../../../../arm-none-eabi/lib/armv7e-m/fpu/libc.a
LOAD /root/ciaa-ide/gcc-arm-none-eabi-4_9-2015q1/bin/../lib/gcc/arm-none-eabi/4.9.3/../../../../arm-none-eabi/lib/armv7e-m/fpu/libm.a
END GROUP

.text_Flash2    0x1b000000        0x0
 FILL mask 0xff
 *(.text_Flash2*)
 *(.text_MFlashB512*)
 *(.text.$Flash2*)
 *(.text.$MFlashB512*)
 *(.rodata.$Flash2*)
 *(.rodata.$MFlashB512*)

.text           0x1a000000     0x2f50
 FILL mask 0xff
                0x1a000000                __vectors_start__ = ABSOLUTE (.)
 *(.isr_vector)
 .isr_vector    0x1a000000      0x114 myProject/out/libs/vendor_libs/lpc_startup/src/cr_startup_lpc43xx.o
                0x1a000000                g_pfnVectors
                0x1a000114                . = ALIGN (0x4)
                0x1a000114                __section_table_start = .
                0x1a000114                __data_section_table = .
                0x1a000114        0x4 LONG 0x1a002f58 LOADADDR (.data)
                0x1a000118        0x4 LONG 0x10000000 ADDR (.data)
                0x1a00011c        0x4 LONG 0x5c SIZEOF (.data)
                0x1a000120        0x4 LONG 0x1a002f58 LOADADDR (.data_RAM2)
                0x1a000124        0x4 LONG 0x10080000 ADDR (.data_RAM2)
                0x1a000128        0x4 LONG 0x0 SIZEOF (.data_RAM2)
                0x1a00012c        0x4 LONG 0x1a002f58 LOADADDR (.data_RAM3)
                0x1a000130        0x4 LONG 0x20000000 ADDR (.data_RAM3)
                0x1a000134        0x4 LONG 0x0 SIZEOF (.data_RAM3)
                0x1a000138        0x4 LONG 0x1a002f58 LOADADDR (.data_RAM4)
                0x1a00013c        0x4 LONG 0x20008000 ADDR (.data_RAM4)
                0x1a000140        0x4 LONG 0x0 SIZEOF (.data_RAM4)
                0x1a000144        0x4 LONG 0x1a002f58 LOADADDR (.data_RAM5)
                0x1a000148        0x4 LONG 0x2000c000 ADDR (.data_RAM5)
                0x1a00014c        0x4 LONG 0x0 SIZEOF (.data_RAM5)
                0x1a000150                __data_section_table_end = .
                0x1a000150                __bss_section_table = .
                0x1a000150        0x4 LONG 0x10000060 ADDR (.bss)
                0x1a000154        0x4 LONG 0x84 SIZEOF (.bss)
                0x1a000158        0x4 LONG 0x10080000 ADDR (.bss_RAM2)
                0x1a00015c        0x4 LONG 0x0 SIZEOF (.bss_RAM2)
                0x1a000160        0x4 LONG 0x20000000 ADDR (.bss_RAM3)
                0x1a000164        0x4 LONG 0x0 SIZEOF (.bss_RAM3)
                0x1a000168        0x4 LONG 0x20008000 ADDR (.bss_RAM4)
                0x1a00016c        0x4 LONG 0x0 SIZEOF (.bss_RAM4)
                0x1a000170        0x4 LONG 0x2000c000 ADDR (.bss_RAM5)
                0x1a000174        0x4 LONG 0x0 SIZEOF (.bss_RAM5)
                0x1a000178                __bss_section_table_end = .
                0x1a000178                __section_table_end = .
 *(.after_vectors*)
 .after_vectors
                0x1a000178        0x4 myProject/out/libs/sapi/sapi_r0.5.0/src/sapi_uart.o
                0x1a000178                UART0_IRQHandler
 .after_vectors
                0x1a00017c       0x58 myProject/out/libs/vendor_libs/lpc_startup/src/cr_startup_lpc43xx.o
                0x1a00017c                NMI_Handler
                0x1a000180                HardFault_Handler
                0x1a000184                MemManage_Handler
                0x1a000188                BusFault_Handler
                0x1a00018c                UsageFault_Handler
                0x1a000190                SVC_Handler
                0x1a000194                DebugMon_Handler
                0x1a000198                PendSV_Handler
                0x1a0001a0                RIT_IRQHandler
                0x1a0001a0                ADCHS_IRQHandler
                0x1a0001a0                FLASH_EEPROM_IRQHandler
                0x1a0001a0                I2C0_IRQHandler
                0x1a0001a0                SDIO_IRQHandler
                0x1a0001a0                ATIMER_IRQHandler
                0x1a0001a0                I2C1_IRQHandler
                0x1a0001a0                UART1_IRQHandler
                0x1a0001a0                GPIO5_IRQHandler
                0x1a0001a0                CAN1_IRQHandler
                0x1a0001a0                USB1_IRQHandler
                0x1a0001a0                I2S0_IRQHandler
                0x1a0001a0                SGPIO_IRQHandler
                0x1a0001a0                ADC0_IRQHandler
                0x1a0001a0                GPIO6_IRQHandler
                0x1a0001a0                IntDefaultHandler
                0x1a0001a0                GPIO1_IRQHandler
                0x1a0001a0                SSP0_IRQHandler
                0x1a0001a0                ADC1_IRQHandler
                0x1a0001a0                RTC_IRQHandler
                0x1a0001a0                SPI_IRQHandler
                0x1a0001a0                LCD_IRQHandler
                0x1a0001a0                GPIO2_IRQHandler
                0x1a0001a0                I2S1_IRQHandler
                0x1a0001a0                SSP1_IRQHandler
                0x1a0001a0                USB0_IRQHandler
                0x1a0001a0                GPIO3_IRQHandler
                0x1a0001a0                SCT_IRQHandler
                0x1a0001a0                WDT_IRQHandler
                0x1a0001a0                GPIO7_IRQHandler
                0x1a0001a0                SPIFI_IRQHandler
                0x1a0001a0                QEI_IRQHandler
                0x1a0001a0                ETH_IRQHandler
                0x1a0001a0                CAN0_IRQHandler
                0x1a0001a0                GINT0_IRQHandler
                0x1a0001a0                DAC_IRQHandler
                0x1a0001a0                M0SUB_IRQHandler
                0x1a0001a0                GPIO0_IRQHandler
                0x1a0001a0                DMA_IRQHandler
                0x1a0001a0                EVRT_IRQHandler
                0x1a0001a0                MCPWM_IRQHandler
                0x1a0001a0                M0APP_IRQHandler
                0x1a0001a0                GINT1_IRQHandler
                0x1a0001a0                GPIO4_IRQHandler
                0x1a0001a4                data_init
                0x1a0001c0                bss_init
                0x000002fc                . = 0x2fc
 *fill*         0x1a0001d4      0x128 ff
                0x1a0002fc                PROVIDE (__CRP_WORD_START__, .)
 *(.crp)
 .crp           0x1a0002fc        0x4 myProject/out/libs/vendor_libs/lpc_startup/src/crp.o
                0x1a0002fc                CRP_WORD
                0x1a000300                PROVIDE (__CRP_WORD_END__, .)
                0x00000001                ASSERT (! ((__CRP_WORD_START__ == __CRP_WORD_END__)), Linker CRP Enabled, but no CRP_WORD provided within application)
 *(.text*)
 .text          0x1a000300      0x1ac myProject/out/myProject/src/sAPI_program.o
                0x1a000300                getOut
                0x1a000310                getWork
                0x1a000324                delayStart
                0x1a00034c                toggleDelayed
                0x1a000364                main
 .text          0x1a0004ac      0x1b8 myProject/out/libs/sapi/sapi_r0.5.0/src/sapi_uart.o
                0x1a0004ac                uartConfig
                0x1a000510                uartReadByte
                0x1a000554                uartWriteByte
                0x1a000584                waitForReceiveStringOrTimeout
                0x1a000608                waitForReceiveStringOrTimeoutBlocking
                0x1a000644                uartWriteString
                0x1a00065c                UART2_IRQHandler
                0x1a000660                UART3_IRQHandler
 .text          0x1a000664        0x4 myProject/out/libs/sapi/sapi_r0.5.0/src/sapi_datatypes.o
                0x1a000664                sAPI_NullFuncPtr
 .text          0x1a000668      0x2e8 myProject/out/libs/sapi/sapi_r0.5.0/src/sapi_timer.o
                0x1a000670                Timer_Init
                0x1a00077c                Timer_DeInit
                0x1a0007bc                Timer_microsecondsToTicks
                0x1a0007c4                Timer_EnableCompareMatch
                0x1a0007fc                Timer_DisableCompareMatch
                0x1a000840                Timer_SetCompareMatch
                0x1a000858                TIMER0_IRQHandler
                0x1a000894                TIMER1_IRQHandler
                0x1a0008d0                TIMER2_IRQHandler
                0x1a000910                TIMER3_IRQHandler
 .text          0x1a000950      0x164 myProject/out/libs/sapi/sapi_r0.5.0/src/sapi_delay.o
                0x1a000950                delayInaccurate
                0x1a0009a4                delayInaccurateUs
                0x1a000a00                delay
                0x1a000a38                delayConfig
                0x1a000a58                delayRead
                0x1a000a98                delayWrite
 .text          0x1a000ab4       0xb4 myProject/out/libs/sapi/sapi_r0.5.0/src/sapi_tick.o
                0x1a000ab4                tickConfig
                0x1a000b2c                tickRead
                0x1a000b38                tickWrite
                0x1a000b44                SysTick_Handler
 .text          0x1a000b68       0x90 myProject/out/libs/sapi/sapi_r0.5.0/src/sapi_print.o
                0x1a000b68                printSetUart
                0x1a000b6c                printConfigUart
                0x1a000b7c                printString
                0x1a000b84                printEnter
                0x1a000b94                printIntFormat
                0x1a000bb8                printUIntFormat
                0x1a000bdc                printHex
 .text          0x1a000bf8       0xf0 myProject/out/libs/sapi/sapi_r0.5.0/src/sapi_board.o
                0x1a000bf8                boardConfig
 .text          0x1a000ce8      0x1a4 myProject/out/libs/sapi/sapi_r0.5.0/src/sapi_convert.o
                0x1a000ce8                int64ToString
                0x1a000d74                uint64ToString
                0x1a000de8                uintToAsciiHex
 .text          0x1a000e8c      0x290 myProject/out/libs/sapi/sapi_r0.5.0/src/sapi_gpio.o
                0x1a000eb8                gpioConfig
                0x1a001054                gpioWrite
                0x1a0010ac                gpioRead
                0x1a001104                gpioToggle
 .text          0x1a00111c      0x208 myProject/out/libs/vendor_libs/lpc_board_ciaa_edu_4337/src/board.o
                0x1a00115c                Board_UART_Init
                0x1a001170                Board_Debug_Init
                0x1a001198                Board_UARTPutChar
                0x1a0011ac                Board_UARTGetChar
                0x1a0011c8                Board_UARTPutSTR
                0x1a0011dc                Board_LED_Set
                0x1a001204                Board_LED_Test
                0x1a001234                Board_LED_Toggle
                0x1a00124c                Board_ENET_GetMacADDR
                0x1a001270                Board_Init
                0x1a001298                Board_I2C_Init
                0x1a0012bc                Board_SDMMC_Init
                0x1a0012e8                Board_SSP_Init
                0x1a001310                Board_DAC_Init
 .text          0x1a001324       0x1c myProject/out/libs/vendor_libs/lpc_board_ciaa_edu_4337/src/sysinit.o
                0x1a001324                SystemInit
 .text          0x1a001340       0xb4 myProject/out/libs/vendor_libs/lpc_board_ciaa_edu_4337/src/board_sysinit.o
                0x1a001340                Board_SetupMuxing
                0x1a001374                Board_SetupClocking
                0x1a0013e8                Board_SystemInit
 .text          0x1a0013f4      0x3dc myProject/out/libs/vendor_libs/lpc_chip_43xx/src/uart_18xx_43xx.o
                0x1a001468                Chip_UART_Init
                0x1a0014b8                Chip_UART_DeInit
                0x1a0014d4                Chip_UART_Send
                0x1a0014f8                Chip_UART_CheckBusy
                0x1a001508                Chip_UART_SendBlocking
                0x1a00152c                Chip_UART_Read
                0x1a001550                Chip_UART_ReadBlocking
                0x1a001574                Chip_UART_SetBaud
                0x1a0015b8                Chip_UART_RXIntHandlerRB
                0x1a0015dc                Chip_UART_TXIntHandlerRB
                0x1a001618                Chip_UART_SendRB
                0x1a00165c                Chip_UART_ReadRB
                0x1a00166c                Chip_UART_IRQRBHandler
                0x1a0016a4                Chip_UART_SetBaudFDR
                0x1a00178c                Chip_UART_GetABEOStatus
                0x1a001798                Chip_UART_ABCmd
 .text          0x1a0017d0      0x184 myProject/out/libs/vendor_libs/lpc_chip_43xx/src/ring_buffer.o
                0x1a0017d0                RingBuffer_Init
                0x1a0017e0                RingBuffer_Insert
                0x1a001810                RingBuffer_InsertMult
                0x1a0018a0                RingBuffer_Pop
                0x1a0018d0                RingBuffer_PopMult
 .text          0x1a001954       0xc4 myProject/out/libs/vendor_libs/lpc_chip_43xx/src/chip_18xx_43xx.o
                0x1a001988                Chip_USB0_Init
                0x1a0019bc                Chip_USB1_Init
                0x1a001a04                SystemCoreClockUpdate
 .text          0x1a001a18      0x8e8 myProject/out/libs/vendor_libs/lpc_chip_43xx/src/clock_18xx_43xx.o
                0x1a001c30                Chip_Clock_EnableCrystal
                0x1a001c7c                Chip_Clock_DisableCrystal
                0x1a001c8c                Chip_Clock_SetDivider
                0x1a001ce0                Chip_Clock_GetDividerSource
                0x1a001cfc                Chip_Clock_GetDividerDivisor
                0x1a001d18                Chip_Clock_GetClockInputHz
                0x1a001dd0                Chip_Clock_CalcMainPLLValue
                0x1a001e50                Chip_Clock_SetupMainPLLMult
                0x1a001eec                Chip_Clock_SetupMainPLLHz
                0x1a001fa8                Chip_Clock_GetMainPLLHz
                0x1a002034                Chip_Clock_SetBaseClock
                0x1a002078                Chip_Clock_GetBaseClockOpts
                0x1a0020ac                Chip_Clock_EnableBaseClock
                0x1a0020c4                Chip_Clock_DisableBaseClock
                0x1a0020dc                Chip_Clock_IsBaseClockEnabled
                0x1a0020fc                Chip_Clock_GetBaseClock
                0x1a002120                Chip_Clock_GetBaseClocktHz
                0x1a00212c                Chip_Clock_EnableOpts
                0x1a002168                Chip_Clock_Enable
                0x1a00219c                Chip_Clock_RTCEnable
                0x1a0021b4                Chip_Clock_Disable
                0x1a0021e8                Chip_Clock_StartPowerDown
                0x1a0021fc                Chip_Clock_ClearPowerDown
                0x1a002210                Chip_Clock_GetRate
                0x1a00225c                Chip_Clock_GetEMCRate
                0x1a00228c                Chip_Clock_SetupPLL
                0x1a0022cc                Chip_Clock_EnablePLL
                0x1a0022e0                Chip_Clock_DisablePLL
                0x1a0022f4                Chip_Clock_GetPLLStatus
 .text          0x1a002300      0x180 myProject/out/libs/vendor_libs/lpc_chip_43xx/src/sysinit_18xx_43xx.o
                0x1a002300                Chip_SetupCoreClock
                0x1a002450                Chip_SetupXtalClocking
                0x1a002464                Chip_SetupIrcClocking
                0x1a002478                Chip_SystemInit
 .text          0x1a002480       0x84 myProject/out/libs/vendor_libs/lpc_chip_43xx/src/timer_18xx_43xx.o
                0x1a0024ac                Chip_TIMER_Init
                0x1a0024b8                Chip_TIMER_DeInit
                0x1a0024c4                Chip_TIMER_Reset
                0x1a0024dc                Chip_TIMER_ExtMatchControlSet
 .text          0x1a002504       0x58 myProject/out/libs/vendor_libs/lpc_chip_43xx/src/fpu_init.o
                0x1a002504                fpuInit
 .text          0x1a00255c        0x8 myProject/out/libs/vendor_libs/lpc_chip_43xx/src/gpio_18xx_43xx.o
                0x1a00255c                Chip_GPIO_Init
                0x1a002560                Chip_GPIO_DeInit
 .text          0x1a002564       0x7c myProject/out/libs/vendor_libs/lpc_startup/src/cr_startup_lpc43xx.o
                0x1a002564                ResetISR
 .text          0x1a0025e0       0x38 /root/ciaa-ide/gcc-arm-none-eabi-4_9-2015q1/bin/../lib/gcc/arm-none-eabi/4.9.3/armv7e-m/fpu/libgcc.a(_aeabi_ldivmod.o)
                0x1a0025e0                __aeabi_ldivmod
 .text          0x1a002618       0x30 /root/ciaa-ide/gcc-arm-none-eabi-4_9-2015q1/bin/../lib/gcc/arm-none-eabi/4.9.3/armv7e-m/fpu/libgcc.a(_aeabi_uldivmod.o)
                0x1a002618                __aeabi_uldivmod
 .text          0x1a002648       0x60 /root/ciaa-ide/gcc-arm-none-eabi-4_9-2015q1/bin/../lib/gcc/arm-none-eabi/4.9.3/armv7e-m/fpu/libgcc.a(bpabi.o)
                0x1a002648                __gnu_ldivmod_helper
                0x1a002678                __gnu_uldivmod_helper
 .text          0x1a0026a8        0x4 /root/ciaa-ide/gcc-arm-none-eabi-4_9-2015q1/bin/../lib/gcc/arm-none-eabi/4.9.3/armv7e-m/fpu/libgcc.a(_dvmd_tls.o)
                0x1a0026a8                __aeabi_ldiv0
                0x1a0026a8                __aeabi_idiv0
 .text          0x1a0026ac      0x29c /root/ciaa-ide/gcc-arm-none-eabi-4_9-2015q1/bin/../lib/gcc/arm-none-eabi/4.9.3/armv7e-m/fpu/libgcc.a(_divdi3.o)
                0x1a0026ac                __divdi3
 .text          0x1a002948      0x26c /root/ciaa-ide/gcc-arm-none-eabi-4_9-2015q1/bin/../lib/gcc/arm-none-eabi/4.9.3/armv7e-m/fpu/libgcc.a(_udivdi3.o)
                0x1a002948                __udivdi3
 .text.memcpy   0x1a002bb4       0x16 /root/ciaa-ide/gcc-arm-none-eabi-4_9-2015q1/bin/../lib/gcc/arm-none-eabi/4.9.3/../../../../arm-none-eabi/lib/armv7e-m/fpu/libc_nano.a(lib_a-memcpy.o)
                0x1a002bb4                memcpy
 .text.memset   0x1a002bca       0x10 /root/ciaa-ide/gcc-arm-none-eabi-4_9-2015q1/bin/../lib/gcc/arm-none-eabi/4.9.3/../../../../arm-none-eabi/lib/armv7e-m/fpu/libc_nano.a(lib_a-memset.o)
                0x1a002bca                memset
 *(.rodata .rodata.* .constdata .constdata.*)
 *fill*         0x1a002bda        0x2 
 .rodata        0x1a002bdc        0x8 myProject/out/myProject/src/sAPI_program.o
 .rodata.str1.4
                0x1a002be4       0x36 myProject/out/myProject/src/sAPI_program.o
                                 0x38 (size before relaxing)
 *fill*         0x1a002c1a        0x2 
 .rodata        0x1a002c1c       0x30 myProject/out/libs/sapi/sapi_r0.5.0/src/sapi_timer.o
 .rodata.str1.4
                0x1a002c4c        0x3 myProject/out/libs/sapi/sapi_r0.5.0/src/sapi_print.o
                                  0x4 (size before relaxing)
 *fill*         0x1a002c4f        0x1 
 .rodata.str1.4
                0x1a002c50       0x59 myProject/out/libs/sapi/sapi_r0.5.0/src/sapi_convert.o
                                 0x5c (size before relaxing)
 *fill*         0x1a002ca9        0x3 
 .rodata        0x1a002cac      0x138 myProject/out/libs/sapi/sapi_r0.5.0/src/sapi_gpio.o
                0x1a002cac                gpioPinsConfig
 .rodata        0x1a002de4       0x1c myProject/out/libs/vendor_libs/lpc_board_ciaa_edu_4337/src/board.o
                0x1a002df8                OscRateIn
                0x1a002dfc                ExtRateIn
 .rodata        0x1a002e00       0x6c myProject/out/libs/vendor_libs/lpc_board_ciaa_edu_4337/src/board_sysinit.o
 .rodata        0x1a002e6c       0x10 myProject/out/libs/vendor_libs/lpc_chip_43xx/src/uart_18xx_43xx.o
 .rodata        0x1a002e7c       0x14 myProject/out/libs/vendor_libs/lpc_chip_43xx/src/chip_18xx_43xx.o
 .rodata        0x1a002e90       0x70 myProject/out/libs/vendor_libs/lpc_chip_43xx/src/clock_18xx_43xx.o
 .rodata.str1.4
                0x1a002f00        0x8 myProject/out/libs/vendor_libs/lpc_chip_43xx/src/clock_18xx_43xx.o
 .rodata        0x1a002f08       0x48 myProject/out/libs/vendor_libs/lpc_chip_43xx/src/sysinit_18xx_43xx.o
                0x1a002f50                . = ALIGN (0x4)

.glue_7         0x1a002f50        0x0
 .glue_7        0x00000000        0x0 linker stubs

.glue_7t        0x1a002f50        0x0
 .glue_7t       0x00000000        0x0 linker stubs

.vfp11_veneer   0x1a002f50        0x0
 .vfp11_veneer  0x00000000        0x0 linker stubs

.v4_bx          0x1a002f50        0x0
 .v4_bx         0x00000000        0x0 linker stubs

.iplt           0x1a002f50        0x0
 .iplt          0x00000000        0x0 myProject/out/myProject/src/sAPI_program.o

.ARM.extab
 *(.ARM.extab* .gnu.linkonce.armextab.*)
                0x1a002f50                __exidx_start = .

.ARM.exidx      0x1a002f50        0x8
 *(.ARM.exidx* .gnu.linkonce.armexidx.*)
 .ARM.exidx     0x1a002f50        0x8 /root/ciaa-ide/gcc-arm-none-eabi-4_9-2015q1/bin/../lib/gcc/arm-none-eabi/4.9.3/armv7e-m/fpu/libgcc.a(_divdi3.o)
 .ARM.exidx     0x1a002f58        0x0 /root/ciaa-ide/gcc-arm-none-eabi-4_9-2015q1/bin/../lib/gcc/arm-none-eabi/4.9.3/armv7e-m/fpu/libgcc.a(_udivdi3.o)
                                  0x8 (size before relaxing)
                0x1a002f58                __exidx_end = .
                0x1a002f58                _etext = .

.rel.dyn        0x1a002f58        0x0
 .rel.iplt      0x00000000        0x0 myProject/out/myProject/src/sAPI_program.o

.data_RAM2      0x10080000        0x0 load address 0x1a002f58
 FILL mask 0xff
 *(.ramfunc.$RAM2)
 *(.ramfunc.$RamLoc40)
 *(.data.$RAM2*)
 *(.data.$RamLoc40*)
                0x10080000                . = ALIGN (0x4)

.data_RAM3      0x20000000        0x0 load address 0x1a002f58
 FILL mask 0xff
 *(.ramfunc.$RAM3)
 *(.ramfunc.$RamAHB32)
 *(.data.$RAM3*)
 *(.data.$RamAHB32*)
                0x20000000                . = ALIGN (0x4)

.data_RAM4      0x20008000        0x0 load address 0x1a002f58
 FILL mask 0xff
 *(.ramfunc.$RAM4)
 *(.ramfunc.$RamAHB16)
 *(.data.$RAM4*)
 *(.data.$RamAHB16*)
                0x20008000                . = ALIGN (0x4)

.data_RAM5      0x2000c000        0x0 load address 0x1a002f58
 FILL mask 0xff
 *(.ramfunc.$RAM5)
 *(.ramfunc.$RamAHB_ETB16)
 *(.data.$RAM5*)
 *(.data.$RamAHB_ETB16*)
                0x2000c000                . = ALIGN (0x4)

.uninit_RESERVED
                0x10000000        0x0
 *(.bss.$RESERVED*)
                0x10000000                . = ALIGN (0x4)
                0x10000000                _end_uninit_RESERVED = .

.data           0x10000000       0x5c load address 0x1a002f58
 FILL mask 0xff
                0x10000000                _data = .
 *(vtable)
 *(.ramfunc*)
 *(.data*)
 .data          0x10000000       0x18 myProject/out/myProject/src/sAPI_program.o
                0x10000000                FSM
 .data          0x10000018       0x40 myProject/out/libs/sapi/sapi_r0.5.0/src/sapi_timer.o
 .data          0x10000058        0x4 myProject/out/libs/sapi/sapi_r0.5.0/src/sapi_tick.o
                0x10000058                tickHookFunction
                0x1000005c                . = ALIGN (0x4)
                0x1000005c                _edata = .

.igot.plt       0x1000005c        0x0 load address 0x1a002fb4
 .igot.plt      0x00000000        0x0 myProject/out/myProject/src/sAPI_program.o

.bss_RAM2       0x10080000        0x0
 *(.bss.$RAM2*)
 *(.bss.$RamLoc40*)
                0x10080000                . = ALIGN (0x4)

.bss_RAM3       0x20000000        0x0
 *(.bss.$RAM3*)
 *(.bss.$RamAHB32*)
                0x20000000                . = ALIGN (0x4)

.bss_RAM4       0x20008000        0x0
 *(.bss.$RAM4*)
 *(.bss.$RamAHB16*)
                0x20008000                . = ALIGN (0x4)

.bss_RAM5       0x2000c000        0x0
 *(.bss.$RAM5*)
 *(.bss.$RamAHB_ETB16*)
                0x2000c000                . = ALIGN (0x4)

.bss            0x10000060       0x84
                0x10000060                _bss = .
 *(.bss*)
 .bss           0x10000060        0x4 myProject/out/myProject/src/sAPI_program.o
                0x10000062                cState1
                0x10000063                cState2
 .bss           0x10000064       0x14 myProject/out/libs/sapi/sapi_r0.5.0/src/sapi_convert.o
 .bss           0x10000078        0x1 myProject/out/libs/vendor_libs/lpc_chip_43xx/src/uart_18xx_43xx.o
 *fill*         0x10000079        0x3 
 .bss           0x1000007c        0x8 myProject/out/libs/vendor_libs/lpc_chip_43xx/src/clock_18xx_43xx.o
 *(COMMON)
 *fill*         0x10000084        0x4 
 COMMON         0x10000088       0x48 myProject/out/myProject/src/sAPI_program.o
                0x10000088                toggleDelay
                0x100000a0                delayTec2
                0x100000b8                delayTec1
 COMMON         0x100000d0       0x10 myProject/out/libs/sapi/sapi_r0.5.0/src/sapi_tick.o
                0x100000d0                tickCounter
                0x100000d8                tickRateMS
 COMMON         0x100000e0        0x4 myProject/out/libs/vendor_libs/lpc_chip_43xx/src/chip_18xx_43xx.o
                0x100000e0                SystemCoreClock
                0x100000e4                . = ALIGN (0x4)
                0x100000e4                _ebss = .
                0x100000e4                PROVIDE (end, .)

.noinit_RAM2    0x10080000        0x0
 *(.noinit.$RAM2*)
 *(.noinit.$RamLoc40*)
                0x10080000                . = ALIGN (0x4)

.noinit_RAM3    0x20000000        0x0
 *(.noinit.$RAM3*)
 *(.noinit.$RamAHB32*)
                0x20000000                . = ALIGN (0x4)

.noinit_RAM4    0x20008000        0x0
 *(.noinit.$RAM4*)
 *(.noinit.$RamAHB16*)
                0x20008000                . = ALIGN (0x4)

.noinit_RAM5    0x2000c000        0x0
 *(.noinit.$RAM5*)
 *(.noinit.$RamAHB_ETB16*)
                0x2000c000                . = ALIGN (0x4)

.noinit         0x100000e4        0x0
                0x100000e4                _noinit = .
 *(.noinit*)
                0x100000e4                . = ALIGN (0x4)
                0x100000e4                _end_noinit = .
                0x100000e4                PROVIDE (_pvHeapStart, .)
                0x10008000                PROVIDE (_vStackTop, (__top_RamLoc32 - 0x0))
                0x53ff5302                PROVIDE (__valid_user_code_checksum, (0x0 - ((((((_vStackTop + (ResetISR + 0x1)) + (NMI_Handler + 0x1)) + (HardFault_Handler + 0x1)) + (DEFINED (MemManage_Handler)?MemManage_Handler:0x0 + 0x1)) + (DEFINED (BusFault_Handler)?BusFault_Handler:0x0 + 0x1)) + (DEFINED (UsageFault_Handler)?UsageFault_Handler:0x0 + 0x1))))
OUTPUT(myProject/out/myProject.elf elf32-littlearm)

.debug_info     0x00000000     0xd9a7
 .debug_info    0x00000000      0xc71 myProject/out/myProject/src/sAPI_program.o
 .debug_info    0x00000c71      0xc0b myProject/out/libs/sapi/sapi_r0.5.0/src/sapi_uart.o
 .debug_info    0x0000187c       0xff myProject/out/libs/sapi/sapi_r0.5.0/src/sapi_datatypes.o
 .debug_info    0x0000197b     0x1427 myProject/out/libs/sapi/sapi_r0.5.0/src/sapi_timer.o
 .debug_info    0x00002da2      0x2c4 myProject/out/libs/sapi/sapi_r0.5.0/src/sapi_delay.o
 .debug_info    0x00003066      0xc04 myProject/out/libs/sapi/sapi_r0.5.0/src/sapi_tick.o
 .debug_info    0x00003c6a      0x47c myProject/out/libs/sapi/sapi_r0.5.0/src/sapi_print.o
 .debug_info    0x000040e6      0x5ee myProject/out/libs/sapi/sapi_r0.5.0/src/sapi_board.o
 .debug_info    0x000046d4      0x290 myProject/out/libs/sapi/sapi_r0.5.0/src/sapi_convert.o
 .debug_info    0x00004964     0x125d myProject/out/libs/sapi/sapi_r0.5.0/src/sapi_gpio.o
 .debug_info    0x00005bc1     0x18dc myProject/out/libs/vendor_libs/lpc_board_ciaa_edu_4337/src/board.o
 .debug_info    0x0000749d      0x110 myProject/out/libs/vendor_libs/lpc_board_ciaa_edu_4337/src/sysinit.o
 .debug_info    0x000075ad      0xc83 myProject/out/libs/vendor_libs/lpc_board_ciaa_edu_4337/src/board_sysinit.o
 .debug_info    0x00008230     0x1687 myProject/out/libs/vendor_libs/lpc_chip_43xx/src/uart_18xx_43xx.o
 .debug_info    0x000098b7      0x4bc myProject/out/libs/vendor_libs/lpc_chip_43xx/src/ring_buffer.o
 .debug_info    0x00009d73      0xcc4 myProject/out/libs/vendor_libs/lpc_chip_43xx/src/chip_18xx_43xx.o
 .debug_info    0x0000aa37     0x18f5 myProject/out/libs/vendor_libs/lpc_chip_43xx/src/clock_18xx_43xx.o
 .debug_info    0x0000c32c      0xa9d myProject/out/libs/vendor_libs/lpc_chip_43xx/src/sysinit_18xx_43xx.o
 .debug_info    0x0000cdc9      0x564 myProject/out/libs/vendor_libs/lpc_chip_43xx/src/timer_18xx_43xx.o
 .debug_info    0x0000d32d      0x14c myProject/out/libs/vendor_libs/lpc_chip_43xx/src/fpu_init.o
 .debug_info    0x0000d479      0x212 myProject/out/libs/vendor_libs/lpc_chip_43xx/src/gpio_18xx_43xx.o
 .debug_info    0x0000d68b       0x3f myProject/out/libs/vendor_libs/lpc_startup/src/crp.o
 .debug_info    0x0000d6ca      0x2dd myProject/out/libs/vendor_libs/lpc_startup/src/cr_startup_lpc43xx.o

.debug_abbrev   0x00000000     0x28c9
 .debug_abbrev  0x00000000      0x209 myProject/out/myProject/src/sAPI_program.o
 .debug_abbrev  0x00000209      0x2c0 myProject/out/libs/sapi/sapi_r0.5.0/src/sapi_uart.o
 .debug_abbrev  0x000004c9       0x84 myProject/out/libs/sapi/sapi_r0.5.0/src/sapi_datatypes.o
 .debug_abbrev  0x0000054d      0x331 myProject/out/libs/sapi/sapi_r0.5.0/src/sapi_timer.o
 .debug_abbrev  0x0000087e      0x132 myProject/out/libs/sapi/sapi_r0.5.0/src/sapi_delay.o
 .debug_abbrev  0x000009b0      0x22a myProject/out/libs/sapi/sapi_r0.5.0/src/sapi_tick.o
 .debug_abbrev  0x00000bda      0x130 myProject/out/libs/sapi/sapi_r0.5.0/src/sapi_print.o
 .debug_abbrev  0x00000d0a      0x115 myProject/out/libs/sapi/sapi_r0.5.0/src/sapi_board.o
 .debug_abbrev  0x00000e1f       0xe1 myProject/out/libs/sapi/sapi_r0.5.0/src/sapi_convert.o
 .debug_abbrev  0x00000f00      0x29d myProject/out/libs/sapi/sapi_r0.5.0/src/sapi_gpio.o
 .debug_abbrev  0x0000119d      0x335 myProject/out/libs/vendor_libs/lpc_board_ciaa_edu_4337/src/board.o
 .debug_abbrev  0x000014d2       0xb8 myProject/out/libs/vendor_libs/lpc_board_ciaa_edu_4337/src/sysinit.o
 .debug_abbrev  0x0000158a      0x225 myProject/out/libs/vendor_libs/lpc_board_ciaa_edu_4337/src/board_sysinit.o
 .debug_abbrev  0x000017af      0x3ca myProject/out/libs/vendor_libs/lpc_chip_43xx/src/uart_18xx_43xx.o
 .debug_abbrev  0x00001b79      0x162 myProject/out/libs/vendor_libs/lpc_chip_43xx/src/ring_buffer.o
 .debug_abbrev  0x00001cdb      0x1f6 myProject/out/libs/vendor_libs/lpc_chip_43xx/src/chip_18xx_43xx.o
 .debug_abbrev  0x00001ed1      0x376 myProject/out/libs/vendor_libs/lpc_chip_43xx/src/clock_18xx_43xx.o
 .debug_abbrev  0x00002247      0x1ff myProject/out/libs/vendor_libs/lpc_chip_43xx/src/sysinit_18xx_43xx.o
 .debug_abbrev  0x00002446      0x1b0 myProject/out/libs/vendor_libs/lpc_chip_43xx/src/timer_18xx_43xx.o
 .debug_abbrev  0x000025f6       0xa2 myProject/out/libs/vendor_libs/lpc_chip_43xx/src/fpu_init.o
 .debug_abbrev  0x00002698       0xd0 myProject/out/libs/vendor_libs/lpc_chip_43xx/src/gpio_18xx_43xx.o
 .debug_abbrev  0x00002768       0x36 myProject/out/libs/vendor_libs/lpc_startup/src/crp.o
 .debug_abbrev  0x0000279e      0x12b myProject/out/libs/vendor_libs/lpc_startup/src/cr_startup_lpc43xx.o

.debug_loc      0x00000000     0x4ce4
 .debug_loc     0x00000000      0x21d myProject/out/myProject/src/sAPI_program.o
 .debug_loc     0x0000021d      0x490 myProject/out/libs/sapi/sapi_r0.5.0/src/sapi_uart.o
 .debug_loc     0x000006ad       0x21 myProject/out/libs/sapi/sapi_r0.5.0/src/sapi_datatypes.o
 .debug_loc     0x000006ce      0x76a myProject/out/libs/sapi/sapi_r0.5.0/src/sapi_timer.o
 .debug_loc     0x00000e38      0x1a3 myProject/out/libs/sapi/sapi_r0.5.0/src/sapi_delay.o
 .debug_loc     0x00000fdb      0x129 myProject/out/libs/sapi/sapi_r0.5.0/src/sapi_tick.o
 .debug_loc     0x00001104      0x1ae myProject/out/libs/sapi/sapi_r0.5.0/src/sapi_print.o
 .debug_loc     0x000012b2      0x309 myProject/out/libs/sapi/sapi_r0.5.0/src/sapi_convert.o
 .debug_loc     0x000015bb      0x88d myProject/out/libs/sapi/sapi_r0.5.0/src/sapi_gpio.o
 .debug_loc     0x00001e48      0x3f5 myProject/out/libs/vendor_libs/lpc_board_ciaa_edu_4337/src/board.o
 .debug_loc     0x0000223d       0x97 myProject/out/libs/vendor_libs/lpc_board_ciaa_edu_4337/src/board_sysinit.o
 .debug_loc     0x000022d4      0xc82 myProject/out/libs/vendor_libs/lpc_chip_43xx/src/uart_18xx_43xx.o
 .debug_loc     0x00002f56      0x5d9 myProject/out/libs/vendor_libs/lpc_chip_43xx/src/ring_buffer.o
 .debug_loc     0x0000352f     0x12c1 myProject/out/libs/vendor_libs/lpc_chip_43xx/src/clock_18xx_43xx.o
 .debug_loc     0x000047f0      0x178 myProject/out/libs/vendor_libs/lpc_chip_43xx/src/sysinit_18xx_43xx.o
 .debug_loc     0x00004968      0x16d myProject/out/libs/vendor_libs/lpc_chip_43xx/src/timer_18xx_43xx.o
 .debug_loc     0x00004ad5       0x1f myProject/out/libs/vendor_libs/lpc_chip_43xx/src/fpu_init.o
 .debug_loc     0x00004af4      0x1f0 myProject/out/libs/vendor_libs/lpc_startup/src/cr_startup_lpc43xx.o

.debug_aranges  0x00000000      0x340
 .debug_aranges
                0x00000000       0x20 myProject/out/myProject/src/sAPI_program.o
 .debug_aranges
                0x00000020       0x28 myProject/out/libs/sapi/sapi_r0.5.0/src/sapi_uart.o
 .debug_aranges
                0x00000048       0x20 myProject/out/libs/sapi/sapi_r0.5.0/src/sapi_datatypes.o
 .debug_aranges
                0x00000068       0x20 myProject/out/libs/sapi/sapi_r0.5.0/src/sapi_timer.o
 .debug_aranges
                0x00000088       0x20 myProject/out/libs/sapi/sapi_r0.5.0/src/sapi_delay.o
 .debug_aranges
                0x000000a8       0x20 myProject/out/libs/sapi/sapi_r0.5.0/src/sapi_tick.o
 .debug_aranges
                0x000000c8       0x20 myProject/out/libs/sapi/sapi_r0.5.0/src/sapi_print.o
 .debug_aranges
                0x000000e8       0x20 myProject/out/libs/sapi/sapi_r0.5.0/src/sapi_board.o
 .debug_aranges
                0x00000108       0x20 myProject/out/libs/sapi/sapi_r0.5.0/src/sapi_convert.o
 .debug_aranges
                0x00000128       0x20 myProject/out/libs/sapi/sapi_r0.5.0/src/sapi_gpio.o
 .debug_aranges
                0x00000148       0x20 myProject/out/libs/vendor_libs/lpc_board_ciaa_edu_4337/src/board.o
 .debug_aranges
                0x00000168       0x20 myProject/out/libs/vendor_libs/lpc_board_ciaa_edu_4337/src/sysinit.o
 .debug_aranges
                0x00000188       0x20 myProject/out/libs/vendor_libs/lpc_board_ciaa_edu_4337/src/board_sysinit.o
 .debug_aranges
                0x000001a8       0x20 myProject/out/libs/vendor_libs/lpc_chip_43xx/src/uart_18xx_43xx.o
 .debug_aranges
                0x000001c8       0x20 myProject/out/libs/vendor_libs/lpc_chip_43xx/src/ring_buffer.o
 .debug_aranges
                0x000001e8       0x20 myProject/out/libs/vendor_libs/lpc_chip_43xx/src/chip_18xx_43xx.o
 .debug_aranges
                0x00000208       0x20 myProject/out/libs/vendor_libs/lpc_chip_43xx/src/clock_18xx_43xx.o
 .debug_aranges
                0x00000228       0x20 myProject/out/libs/vendor_libs/lpc_chip_43xx/src/sysinit_18xx_43xx.o
 .debug_aranges
                0x00000248       0x20 myProject/out/libs/vendor_libs/lpc_chip_43xx/src/timer_18xx_43xx.o
 .debug_aranges
                0x00000268       0x20 myProject/out/libs/vendor_libs/lpc_chip_43xx/src/fpu_init.o
 .debug_aranges
                0x00000288       0x20 myProject/out/libs/vendor_libs/lpc_chip_43xx/src/gpio_18xx_43xx.o
 .debug_aranges
                0x000002a8       0x18 myProject/out/libs/vendor_libs/lpc_startup/src/crp.o
 .debug_aranges
                0x000002c0       0x80 myProject/out/libs/vendor_libs/lpc_startup/src/cr_startup_lpc43xx.o

.debug_macro    0x00000000     0x9914
 .debug_macro   0x00000000      0x51c myProject/out/myProject/src/sAPI_program.o
 .debug_macro   0x0000051c      0x880 myProject/out/myProject/src/sAPI_program.o
 .debug_macro   0x00000d9c       0x22 myProject/out/myProject/src/sAPI_program.o
 .debug_macro   0x00000dbe       0x44 myProject/out/myProject/src/sAPI_program.o
 .debug_macro   0x00000e02       0x1c myProject/out/myProject/src/sAPI_program.o
 .debug_macro   0x00000e1e      0x1f7 myProject/out/myProject/src/sAPI_program.o
 .debug_macro   0x00001015       0x10 myProject/out/myProject/src/sAPI_program.o
 .debug_macro   0x00001025       0x22 myProject/out/myProject/src/sAPI_program.o
 .debug_macro   0x00001047       0x73 myProject/out/myProject/src/sAPI_program.o
 .debug_macro   0x000010ba       0x28 myProject/out/myProject/src/sAPI_program.o
 .debug_macro   0x000010e2       0x3b myProject/out/myProject/src/sAPI_program.o
 .debug_macro   0x0000111d       0x2d myProject/out/myProject/src/sAPI_program.o
 .debug_macro   0x0000114a       0x42 myProject/out/myProject/src/sAPI_program.o
 .debug_macro   0x0000118c      0xd39 myProject/out/myProject/src/sAPI_program.o
 .debug_macro   0x00001ec5      0x2c3 myProject/out/myProject/src/sAPI_program.o
 .debug_macro   0x00002188      0x112 myProject/out/myProject/src/sAPI_program.o
 .debug_macro   0x0000229a       0x11 myProject/out/myProject/src/sAPI_program.o
 .debug_macro   0x000022ab       0x2a myProject/out/myProject/src/sAPI_program.o
 .debug_macro   0x000022d5       0x16 myProject/out/myProject/src/sAPI_program.o
 .debug_macro   0x000022eb      0x2e6 myProject/out/myProject/src/sAPI_program.o
 .debug_macro   0x000025d1       0x82 myProject/out/myProject/src/sAPI_program.o
 .debug_macro   0x00002653      0x13d myProject/out/myProject/src/sAPI_program.o
 .debug_macro   0x00002790      0x198 myProject/out/myProject/src/sAPI_program.o
 .debug_macro   0x00002928       0x34 myProject/out/myProject/src/sAPI_program.o
 .debug_macro   0x0000295c       0x58 myProject/out/myProject/src/sAPI_program.o
 .debug_macro   0x000029b4      0x236 myProject/out/myProject/src/sAPI_program.o
 .debug_macro   0x00002bea      0x572 myProject/out/myProject/src/sAPI_program.o
 .debug_macro   0x0000315c       0x16 myProject/out/myProject/src/sAPI_program.o
 .debug_macro   0x00003172      0x18a myProject/out/myProject/src/sAPI_program.o
 .debug_macro   0x000032fc       0x88 myProject/out/myProject/src/sAPI_program.o
 .debug_macro   0x00003384      0x1b9 myProject/out/myProject/src/sAPI_program.o
 .debug_macro   0x0000353d      0x1da myProject/out/myProject/src/sAPI_program.o
 .debug_macro   0x00003717       0x40 myProject/out/myProject/src/sAPI_program.o
 .debug_macro   0x00003757       0x1c myProject/out/myProject/src/sAPI_program.o
 .debug_macro   0x00003773       0x2e myProject/out/myProject/src/sAPI_program.o
 .debug_macro   0x000037a1       0x2e myProject/out/myProject/src/sAPI_program.o
 .debug_macro   0x000037cf       0x22 myProject/out/myProject/src/sAPI_program.o
 .debug_macro   0x000037f1      0x201 myProject/out/myProject/src/sAPI_program.o
 .debug_macro   0x000039f2       0xe0 myProject/out/myProject/src/sAPI_program.o
 .debug_macro   0x00003ad2      0x34c myProject/out/myProject/src/sAPI_program.o
 .debug_macro   0x00003e1e       0xdc myProject/out/myProject/src/sAPI_program.o
 .debug_macro   0x00003efa       0xc4 myProject/out/myProject/src/sAPI_program.o
 .debug_macro   0x00003fbe       0x8f myProject/out/myProject/src/sAPI_program.o
 .debug_macro   0x0000404d       0x94 myProject/out/myProject/src/sAPI_program.o
 .debug_macro   0x000040e1       0xb8 myProject/out/myProject/src/sAPI_program.o
 .debug_macro   0x00004199       0x4c myProject/out/myProject/src/sAPI_program.o
 .debug_macro   0x000041e5       0x16 myProject/out/myProject/src/sAPI_program.o
 .debug_macro   0x000041fb      0x328 myProject/out/myProject/src/sAPI_program.o
 .debug_macro   0x00004523       0x3a myProject/out/myProject/src/sAPI_program.o
 .debug_macro   0x0000455d       0xd0 myProject/out/myProject/src/sAPI_program.o
 .debug_macro   0x0000462d       0x18 myProject/out/myProject/src/sAPI_program.o
 .debug_macro   0x00004645       0x22 myProject/out/myProject/src/sAPI_program.o
 .debug_macro   0x00004667       0x40 myProject/out/myProject/src/sAPI_program.o
 .debug_macro   0x000046a7       0x4c myProject/out/myProject/src/sAPI_program.o
 .debug_macro   0x000046f3       0x58 myProject/out/myProject/src/sAPI_program.o
 .debug_macro   0x0000474b       0x35 myProject/out/myProject/src/sAPI_program.o
 .debug_macro   0x00004780       0x9c myProject/out/myProject/src/sAPI_program.o
 .debug_macro   0x0000481c       0x16 myProject/out/myProject/src/sAPI_program.o
 .debug_macro   0x00004832       0x97 myProject/out/myProject/src/sAPI_program.o
 .debug_macro   0x000048c9      0x29d myProject/out/myProject/src/sAPI_program.o
 .debug_macro   0x00004b66       0xef myProject/out/myProject/src/sAPI_program.o
 .debug_macro   0x00004c55       0x10 myProject/out/myProject/src/sAPI_program.o
 .debug_macro   0x00004c65       0x52 myProject/out/myProject/src/sAPI_program.o
 .debug_macro   0x00004cb7       0x16 myProject/out/myProject/src/sAPI_program.o
 .debug_macro   0x00004ccd       0x43 myProject/out/myProject/src/sAPI_program.o
 .debug_macro   0x00004d10      0x180 myProject/out/myProject/src/sAPI_program.o
 .debug_macro   0x00004e90       0x10 myProject/out/myProject/src/sAPI_program.o
 .debug_macro   0x00004ea0       0x22 myProject/out/myProject/src/sAPI_program.o
 .debug_macro   0x00004ec2       0xbd myProject/out/myProject/src/sAPI_program.o
 .debug_macro   0x00004f7f       0x16 myProject/out/myProject/src/sAPI_program.o
 .debug_macro   0x00004f95      0x196 myProject/out/myProject/src/sAPI_program.o
 .debug_macro   0x0000512b       0x20 myProject/out/myProject/src/sAPI_program.o
 .debug_macro   0x0000514b       0x1c myProject/out/myProject/src/sAPI_program.o
 .debug_macro   0x00005167       0x16 myProject/out/myProject/src/sAPI_program.o
 .debug_macro   0x0000517d       0x3a myProject/out/myProject/src/sAPI_program.o
 .debug_macro   0x000051b7       0x40 myProject/out/myProject/src/sAPI_program.o
 .debug_macro   0x000051f7       0x70 myProject/out/myProject/src/sAPI_program.o
 .debug_macro   0x00005267       0x6a myProject/out/myProject/src/sAPI_program.o
 .debug_macro   0x000052d1       0x22 myProject/out/myProject/src/sAPI_program.o
 .debug_macro   0x000052f3       0x10 myProject/out/myProject/src/sAPI_program.o
 .debug_macro   0x00005303       0x70 myProject/out/myProject/src/sAPI_program.o
 .debug_macro   0x00005373      0x446 myProject/out/libs/sapi/sapi_r0.5.0/src/sapi_uart.o
 .debug_macro   0x000057b9       0x10 myProject/out/libs/sapi/sapi_r0.5.0/src/sapi_uart.o
 .debug_macro   0x000057c9       0x16 myProject/out/libs/sapi/sapi_r0.5.0/src/sapi_uart.o
 .debug_macro   0x000057df       0x35 myProject/out/libs/sapi/sapi_r0.5.0/src/sapi_uart.o
 .debug_macro   0x00005814      0x3fa myProject/out/libs/sapi/sapi_r0.5.0/src/sapi_datatypes.o
 .debug_macro   0x00005c0e      0x41a myProject/out/libs/sapi/sapi_r0.5.0/src/sapi_timer.o
 .debug_macro   0x00006028      0x413 myProject/out/libs/sapi/sapi_r0.5.0/src/sapi_delay.o
 .debug_macro   0x0000643b      0x40a myProject/out/libs/sapi/sapi_r0.5.0/src/sapi_tick.o
 .debug_macro   0x00006845      0x434 myProject/out/libs/sapi/sapi_r0.5.0/src/sapi_print.o
 .debug_macro   0x00006c79       0x3a myProject/out/libs/sapi/sapi_r0.5.0/src/sapi_print.o
 .debug_macro   0x00006cb3      0x422 myProject/out/libs/sapi/sapi_r0.5.0/src/sapi_board.o
 .debug_macro   0x000070d5      0x404 myProject/out/libs/sapi/sapi_r0.5.0/src/sapi_convert.o
 .debug_macro   0x000074d9      0x40e myProject/out/libs/sapi/sapi_r0.5.0/src/sapi_gpio.o
 .debug_macro   0x000078e7      0x40e myProject/out/libs/vendor_libs/lpc_board_ciaa_edu_4337/src/board.o
 .debug_macro   0x00007cf5       0x46 myProject/out/libs/vendor_libs/lpc_board_ciaa_edu_4337/src/board.o
 .debug_macro   0x00007d3b      0x3f1 myProject/out/libs/vendor_libs/lpc_board_ciaa_edu_4337/src/sysinit.o
 .debug_macro   0x0000812c      0x3f1 myProject/out/libs/vendor_libs/lpc_board_ciaa_edu_4337/src/board_sysinit.o
 .debug_macro   0x0000851d      0x2f3 myProject/out/libs/vendor_libs/lpc_chip_43xx/src/uart_18xx_43xx.o
 .debug_macro   0x00008810      0x120 myProject/out/libs/vendor_libs/lpc_chip_43xx/src/ring_buffer.o
 .debug_macro   0x00008930       0x10 myProject/out/libs/vendor_libs/lpc_chip_43xx/src/ring_buffer.o
 .debug_macro   0x00008940       0x10 myProject/out/libs/vendor_libs/lpc_chip_43xx/src/ring_buffer.o
 .debug_macro   0x00008950      0x2f3 myProject/out/libs/vendor_libs/lpc_chip_43xx/src/chip_18xx_43xx.o
 .debug_macro   0x00008c43      0x2f9 myProject/out/libs/vendor_libs/lpc_chip_43xx/src/clock_18xx_43xx.o
 .debug_macro   0x00008f3c      0x2f3 myProject/out/libs/vendor_libs/lpc_chip_43xx/src/sysinit_18xx_43xx.o
 .debug_macro   0x0000922f      0x2f3 myProject/out/libs/vendor_libs/lpc_chip_43xx/src/timer_18xx_43xx.o
 .debug_macro   0x00009522       0xcb myProject/out/libs/vendor_libs/lpc_chip_43xx/src/fpu_init.o
 .debug_macro   0x000095ed      0x2f3 myProject/out/libs/vendor_libs/lpc_chip_43xx/src/gpio_18xx_43xx.o
 .debug_macro   0x000098e0       0x17 myProject/out/libs/vendor_libs/lpc_startup/src/crp.o
 .debug_macro   0x000098f7       0x1d myProject/out/libs/vendor_libs/lpc_startup/src/cr_startup_lpc43xx.o

.debug_line     0x00000000     0xa2f6
 .debug_line    0x00000000      0x989 myProject/out/myProject/src/sAPI_program.o
 .debug_line    0x00000989      0x90e myProject/out/libs/sapi/sapi_r0.5.0/src/sapi_uart.o
 .debug_line    0x00001297      0x7e1 myProject/out/libs/sapi/sapi_r0.5.0/src/sapi_datatypes.o
 .debug_line    0x00001a78      0x946 myProject/out/libs/sapi/sapi_r0.5.0/src/sapi_timer.o
 .debug_line    0x000023be      0x837 myProject/out/libs/sapi/sapi_r0.5.0/src/sapi_delay.o
 .debug_line    0x00002bf5      0x819 myProject/out/libs/sapi/sapi_r0.5.0/src/sapi_tick.o
 .debug_line    0x0000340e      0x848 myProject/out/libs/sapi/sapi_r0.5.0/src/sapi_print.o
 .debug_line    0x00003c56      0x841 myProject/out/libs/sapi/sapi_r0.5.0/src/sapi_board.o
 .debug_line    0x00004497      0x855 myProject/out/libs/sapi/sapi_r0.5.0/src/sapi_convert.o
 .debug_line    0x00004cec      0x8cc myProject/out/libs/sapi/sapi_r0.5.0/src/sapi_gpio.o
 .debug_line    0x000055b8      0x8bc myProject/out/libs/vendor_libs/lpc_board_ciaa_edu_4337/src/board.o
 .debug_line    0x00005e74      0x7c1 myProject/out/libs/vendor_libs/lpc_board_ciaa_edu_4337/src/sysinit.o
 .debug_line    0x00006635      0x7f9 myProject/out/libs/vendor_libs/lpc_board_ciaa_edu_4337/src/board_sysinit.o
 .debug_line    0x00006e2e      0x8b0 myProject/out/libs/vendor_libs/lpc_chip_43xx/src/uart_18xx_43xx.o
 .debug_line    0x000076de      0x328 myProject/out/libs/vendor_libs/lpc_chip_43xx/src/ring_buffer.o
 .debug_line    0x00007a06      0x6ea myProject/out/libs/vendor_libs/lpc_chip_43xx/src/chip_18xx_43xx.o
 .debug_line    0x000080f0      0x8ef myProject/out/libs/vendor_libs/lpc_chip_43xx/src/clock_18xx_43xx.o
 .debug_line    0x000089df      0x747 myProject/out/libs/vendor_libs/lpc_chip_43xx/src/sysinit_18xx_43xx.o
 .debug_line    0x00009126      0x6ea myProject/out/libs/vendor_libs/lpc_chip_43xx/src/timer_18xx_43xx.o
 .debug_line    0x00009810      0x2b9 myProject/out/libs/vendor_libs/lpc_chip_43xx/src/fpu_init.o
 .debug_line    0x00009ac9      0x6ca myProject/out/libs/vendor_libs/lpc_chip_43xx/src/gpio_18xx_43xx.o
 .debug_line    0x0000a193       0x47 myProject/out/libs/vendor_libs/lpc_startup/src/crp.o
 .debug_line    0x0000a1da      0x11c myProject/out/libs/vendor_libs/lpc_startup/src/cr_startup_lpc43xx.o

.debug_str      0x00000000    0x1bf2c
 .debug_str     0x00000000    0x195a2 myProject/out/myProject/src/sAPI_program.o
                              0x19813 (size before relaxing)
 .debug_str     0x000195a2      0x3e2 myProject/out/libs/sapi/sapi_r0.5.0/src/sapi_uart.o
                              0x17d7d (size before relaxing)
 .debug_str     0x00019984       0x3c myProject/out/libs/sapi/sapi_r0.5.0/src/sapi_datatypes.o
                              0x178b4 (size before relaxing)
 .debug_str     0x000199c0      0x7ce myProject/out/libs/sapi/sapi_r0.5.0/src/sapi_timer.o
                              0x18afc (size before relaxing)
 .debug_str     0x0001a18e       0x86 myProject/out/libs/sapi/sapi_r0.5.0/src/sapi_delay.o
                              0x179a7 (size before relaxing)
 .debug_str     0x0001a214       0xe9 myProject/out/libs/sapi/sapi_r0.5.0/src/sapi_tick.o
                              0x187e3 (size before relaxing)
 .debug_str     0x0001a2fd       0xdc myProject/out/libs/sapi/sapi_r0.5.0/src/sapi_print.o
                              0x17d8f (size before relaxing)
 .debug_str     0x0001a3d9       0xc4 myProject/out/libs/sapi/sapi_r0.5.0/src/sapi_board.o
                              0x17b0b (size before relaxing)
 .debug_str     0x0001a49d       0x55 myProject/out/libs/sapi/sapi_r0.5.0/src/sapi_convert.o
                              0x17944 (size before relaxing)
 .debug_str     0x0001a4f2      0x13e myProject/out/libs/sapi/sapi_r0.5.0/src/sapi_gpio.o
                              0x186c3 (size before relaxing)
 .debug_str     0x0001a630      0x635 myProject/out/libs/vendor_libs/lpc_board_ciaa_edu_4337/src/board.o
                              0x18ad9 (size before relaxing)
 .debug_str     0x0001ac65       0x67 myProject/out/libs/vendor_libs/lpc_board_ciaa_edu_4337/src/sysinit.o
                              0x1789f (size before relaxing)
 .debug_str     0x0001accc      0x261 myProject/out/libs/vendor_libs/lpc_board_ciaa_edu_4337/src/board_sysinit.o
                              0x1867f (size before relaxing)
 .debug_str     0x0001af2d      0x3ba myProject/out/libs/vendor_libs/lpc_chip_43xx/src/uart_18xx_43xx.o
                              0x15591 (size before relaxing)
 .debug_str     0x0001b2e7       0xf5 myProject/out/libs/vendor_libs/lpc_chip_43xx/src/ring_buffer.o
                               0x5852 (size before relaxing)
 .debug_str     0x0001b3dc      0x15d myProject/out/libs/vendor_libs/lpc_chip_43xx/src/chip_18xx_43xx.o
                              0x154ee (size before relaxing)
 .debug_str     0x0001b539      0x4eb myProject/out/libs/vendor_libs/lpc_chip_43xx/src/clock_18xx_43xx.o
                              0x15957 (size before relaxing)
 .debug_str     0x0001ba24       0xbf myProject/out/libs/vendor_libs/lpc_chip_43xx/src/sysinit_18xx_43xx.o
                              0x153e2 (size before relaxing)
 .debug_str     0x0001bae3      0x11a myProject/out/libs/vendor_libs/lpc_chip_43xx/src/timer_18xx_43xx.o
                              0x14bed (size before relaxing)
 .debug_str     0x0001bbfd       0xc9 myProject/out/libs/vendor_libs/lpc_chip_43xx/src/fpu_init.o
                               0x8c4c (size before relaxing)
 .debug_str     0x0001bcc6       0x45 myProject/out/libs/vendor_libs/lpc_chip_43xx/src/gpio_18xx_43xx.o
                              0x146e3 (size before relaxing)
 .debug_str     0x0001bd0b       0x46 myProject/out/libs/vendor_libs/lpc_startup/src/crp.o
                               0x24aa (size before relaxing)
 .debug_str     0x0001bd51      0x1db myProject/out/libs/vendor_libs/lpc_startup/src/cr_startup_lpc43xx.o
                               0x2680 (size before relaxing)

.comment        0x00000000       0x70
 .comment       0x00000000       0x70 myProject/out/myProject/src/sAPI_program.o
                                 0x71 (size before relaxing)
 .comment       0x00000000       0x71 myProject/out/libs/sapi/sapi_r0.5.0/src/sapi_uart.o
 .comment       0x00000000       0x71 myProject/out/libs/sapi/sapi_r0.5.0/src/sapi_datatypes.o
 .comment       0x00000000       0x71 myProject/out/libs/sapi/sapi_r0.5.0/src/sapi_timer.o
 .comment       0x00000000       0x71 myProject/out/libs/sapi/sapi_r0.5.0/src/sapi_delay.o
 .comment       0x00000000       0x71 myProject/out/libs/sapi/sapi_r0.5.0/src/sapi_tick.o
 .comment       0x00000000       0x71 myProject/out/libs/sapi/sapi_r0.5.0/src/sapi_print.o
 .comment       0x00000000       0x71 myProject/out/libs/sapi/sapi_r0.5.0/src/sapi_board.o
 .comment       0x00000000       0x71 myProject/out/libs/sapi/sapi_r0.5.0/src/sapi_convert.o
 .comment       0x00000000       0x71 myProject/out/libs/sapi/sapi_r0.5.0/src/sapi_gpio.o
 .comment       0x00000000       0x71 myProject/out/libs/vendor_libs/lpc_board_ciaa_edu_4337/src/board.o
 .comment       0x00000000       0x71 myProject/out/libs/vendor_libs/lpc_board_ciaa_edu_4337/src/sysinit.o
 .comment       0x00000000       0x71 myProject/out/libs/vendor_libs/lpc_board_ciaa_edu_4337/src/board_sysinit.o
 .comment       0x00000000       0x71 myProject/out/libs/vendor_libs/lpc_chip_43xx/src/uart_18xx_43xx.o
 .comment       0x00000000       0x71 myProject/out/libs/vendor_libs/lpc_chip_43xx/src/ring_buffer.o
 .comment       0x00000000       0x71 myProject/out/libs/vendor_libs/lpc_chip_43xx/src/chip_18xx_43xx.o
 .comment       0x00000000       0x71 myProject/out/libs/vendor_libs/lpc_chip_43xx/src/clock_18xx_43xx.o
 .comment       0x00000000       0x71 myProject/out/libs/vendor_libs/lpc_chip_43xx/src/sysinit_18xx_43xx.o
 .comment       0x00000000       0x71 myProject/out/libs/vendor_libs/lpc_chip_43xx/src/timer_18xx_43xx.o
 .comment       0x00000000       0x71 myProject/out/libs/vendor_libs/lpc_chip_43xx/src/fpu_init.o
 .comment       0x00000000       0x71 myProject/out/libs/vendor_libs/lpc_chip_43xx/src/gpio_18xx_43xx.o
 .comment       0x00000000       0x71 myProject/out/libs/vendor_libs/lpc_startup/src/crp.o
 .comment       0x00000000       0x71 myProject/out/libs/vendor_libs/lpc_startup/src/cr_startup_lpc43xx.o

.ARM.attributes
                0x00000000       0x39
 .ARM.attributes
                0x00000000       0x39 myProject/out/myProject/src/sAPI_program.o
 .ARM.attributes
                0x00000039       0x39 myProject/out/libs/sapi/sapi_r0.5.0/src/sapi_uart.o
 .ARM.attributes
                0x00000072       0x39 myProject/out/libs/sapi/sapi_r0.5.0/src/sapi_datatypes.o
 .ARM.attributes
                0x000000ab       0x39 myProject/out/libs/sapi/sapi_r0.5.0/src/sapi_timer.o
 .ARM.attributes
                0x000000e4       0x39 myProject/out/libs/sapi/sapi_r0.5.0/src/sapi_delay.o
 .ARM.attributes
                0x0000011d       0x39 myProject/out/libs/sapi/sapi_r0.5.0/src/sapi_tick.o
 .ARM.attributes
                0x00000156       0x39 myProject/out/libs/sapi/sapi_r0.5.0/src/sapi_print.o
 .ARM.attributes
                0x0000018f       0x39 myProject/out/libs/sapi/sapi_r0.5.0/src/sapi_board.o
 .ARM.attributes
                0x000001c8       0x39 myProject/out/libs/sapi/sapi_r0.5.0/src/sapi_convert.o
 .ARM.attributes
                0x00000201       0x39 myProject/out/libs/sapi/sapi_r0.5.0/src/sapi_gpio.o
 .ARM.attributes
                0x0000023a       0x39 myProject/out/libs/vendor_libs/lpc_board_ciaa_edu_4337/src/board.o
 .ARM.attributes
                0x00000273       0x39 myProject/out/libs/vendor_libs/lpc_board_ciaa_edu_4337/src/sysinit.o
 .ARM.attributes
                0x000002ac       0x39 myProject/out/libs/vendor_libs/lpc_board_ciaa_edu_4337/src/board_sysinit.o
 .ARM.attributes
                0x000002e5       0x39 myProject/out/libs/vendor_libs/lpc_chip_43xx/src/uart_18xx_43xx.o
 .ARM.attributes
                0x0000031e       0x39 myProject/out/libs/vendor_libs/lpc_chip_43xx/src/ring_buffer.o
 .ARM.attributes
                0x00000357       0x39 myProject/out/libs/vendor_libs/lpc_chip_43xx/src/chip_18xx_43xx.o
 .ARM.attributes
                0x00000390       0x39 myProject/out/libs/vendor_libs/lpc_chip_43xx/src/clock_18xx_43xx.o
 .ARM.attributes
                0x000003c9       0x39 myProject/out/libs/vendor_libs/lpc_chip_43xx/src/sysinit_18xx_43xx.o
 .ARM.attributes
                0x00000402       0x39 myProject/out/libs/vendor_libs/lpc_chip_43xx/src/timer_18xx_43xx.o
 .ARM.attributes
                0x0000043b       0x39 myProject/out/libs/vendor_libs/lpc_chip_43xx/src/fpu_init.o
 .ARM.attributes
                0x00000474       0x39 myProject/out/libs/vendor_libs/lpc_chip_43xx/src/gpio_18xx_43xx.o
 .ARM.attributes
                0x000004ad       0x39 myProject/out/libs/vendor_libs/lpc_startup/src/crp.o
 .ARM.attributes
                0x000004e6       0x39 myProject/out/libs/vendor_libs/lpc_startup/src/cr_startup_lpc43xx.o
 .ARM.attributes
                0x0000051f       0x22 /root/ciaa-ide/gcc-arm-none-eabi-4_9-2015q1/bin/../lib/gcc/arm-none-eabi/4.9.3/armv7e-m/fpu/libgcc.a(_aeabi_ldivmod.o)
 .ARM.attributes
                0x00000541       0x22 /root/ciaa-ide/gcc-arm-none-eabi-4_9-2015q1/bin/../lib/gcc/arm-none-eabi/4.9.3/armv7e-m/fpu/libgcc.a(_aeabi_uldivmod.o)
 .ARM.attributes
                0x00000563       0x34 /root/ciaa-ide/gcc-arm-none-eabi-4_9-2015q1/bin/../lib/gcc/arm-none-eabi/4.9.3/armv7e-m/fpu/libgcc.a(bpabi.o)
 .ARM.attributes
                0x00000597       0x22 /root/ciaa-ide/gcc-arm-none-eabi-4_9-2015q1/bin/../lib/gcc/arm-none-eabi/4.9.3/armv7e-m/fpu/libgcc.a(_dvmd_tls.o)
 .ARM.attributes
                0x000005b9       0x34 /root/ciaa-ide/gcc-arm-none-eabi-4_9-2015q1/bin/../lib/gcc/arm-none-eabi/4.9.3/armv7e-m/fpu/libgcc.a(_divdi3.o)
 .ARM.attributes
                0x000005ed       0x34 /root/ciaa-ide/gcc-arm-none-eabi-4_9-2015q1/bin/../lib/gcc/arm-none-eabi/4.9.3/armv7e-m/fpu/libgcc.a(_udivdi3.o)
 .ARM.attributes
                0x00000621       0x34 /root/ciaa-ide/gcc-arm-none-eabi-4_9-2015q1/bin/../lib/gcc/arm-none-eabi/4.9.3/../../../../arm-none-eabi/lib/armv7e-m/fpu/libc_nano.a(lib_a-memcpy.o)
 .ARM.attributes
                0x00000655       0x34 /root/ciaa-ide/gcc-arm-none-eabi-4_9-2015q1/bin/../lib/gcc/arm-none-eabi/4.9.3/../../../../arm-none-eabi/lib/armv7e-m/fpu/libc_nano.a(lib_a-memset.o)

.debug_frame    0x00000000     0x112c
 .debug_frame   0x00000000       0x90 myProject/out/myProject/src/sAPI_program.o
 .debug_frame   0x00000090       0xd8 myProject/out/libs/sapi/sapi_r0.5.0/src/sapi_uart.o
 .debug_frame   0x00000168       0x20 myProject/out/libs/sapi/sapi_r0.5.0/src/sapi_datatypes.o
 .debug_frame   0x00000188      0x124 myProject/out/libs/sapi/sapi_r0.5.0/src/sapi_timer.o
 .debug_frame   0x000002ac       0xbc myProject/out/libs/sapi/sapi_r0.5.0/src/sapi_delay.o
 .debug_frame   0x00000368       0x60 myProject/out/libs/sapi/sapi_r0.5.0/src/sapi_tick.o
 .debug_frame   0x000003c8       0xc0 myProject/out/libs/sapi/sapi_r0.5.0/src/sapi_print.o
 .debug_frame   0x00000488       0x28 myProject/out/libs/sapi/sapi_r0.5.0/src/sapi_board.o
 .debug_frame   0x000004b0       0x84 myProject/out/libs/sapi/sapi_r0.5.0/src/sapi_convert.o
 .debug_frame   0x00000534       0xa4 myProject/out/libs/sapi/sapi_r0.5.0/src/sapi_gpio.o
 .debug_frame   0x000005d8      0x138 myProject/out/libs/vendor_libs/lpc_board_ciaa_edu_4337/src/board.o
 .debug_frame   0x00000710       0x28 myProject/out/libs/vendor_libs/lpc_board_ciaa_edu_4337/src/sysinit.o
 .debug_frame   0x00000738       0x5c myProject/out/libs/vendor_libs/lpc_board_ciaa_edu_4337/src/board_sysinit.o
 .debug_frame   0x00000794      0x1ec myProject/out/libs/vendor_libs/lpc_chip_43xx/src/uart_18xx_43xx.o
 .debug_frame   0x00000980       0x98 myProject/out/libs/vendor_libs/lpc_chip_43xx/src/ring_buffer.o
 .debug_frame   0x00000a18       0x70 myProject/out/libs/vendor_libs/lpc_chip_43xx/src/chip_18xx_43xx.o
 .debug_frame   0x00000a88      0x310 myProject/out/libs/vendor_libs/lpc_chip_43xx/src/clock_18xx_43xx.o
 .debug_frame   0x00000d98       0x7c myProject/out/libs/vendor_libs/lpc_chip_43xx/src/sysinit_18xx_43xx.o
 .debug_frame   0x00000e14       0x80 myProject/out/libs/vendor_libs/lpc_chip_43xx/src/timer_18xx_43xx.o
 .debug_frame   0x00000e94       0x28 myProject/out/libs/vendor_libs/lpc_chip_43xx/src/fpu_init.o
 .debug_frame   0x00000ebc       0x30 myProject/out/libs/vendor_libs/lpc_chip_43xx/src/gpio_18xx_43xx.o
 .debug_frame   0x00000eec       0xf4 myProject/out/libs/vendor_libs/lpc_startup/src/cr_startup_lpc43xx.o
 .debug_frame   0x00000fe0       0x28 /root/ciaa-ide/gcc-arm-none-eabi-4_9-2015q1/bin/../lib/gcc/arm-none-eabi/4.9.3/armv7e-m/fpu/libgcc.a(_aeabi_ldivmod.o)
 .debug_frame   0x00001008       0x28 /root/ciaa-ide/gcc-arm-none-eabi-4_9-2015q1/bin/../lib/gcc/arm-none-eabi/4.9.3/armv7e-m/fpu/libgcc.a(_aeabi_uldivmod.o)
 .debug_frame   0x00001030       0x50 /root/ciaa-ide/gcc-arm-none-eabi-4_9-2015q1/bin/../lib/gcc/arm-none-eabi/4.9.3/armv7e-m/fpu/libgcc.a(bpabi.o)
 .debug_frame   0x00001080       0x34 /root/ciaa-ide/gcc-arm-none-eabi-4_9-2015q1/bin/../lib/gcc/arm-none-eabi/4.9.3/armv7e-m/fpu/libgcc.a(_divdi3.o)
 .debug_frame   0x000010b4       0x30 /root/ciaa-ide/gcc-arm-none-eabi-4_9-2015q1/bin/../lib/gcc/arm-none-eabi/4.9.3/armv7e-m/fpu/libgcc.a(_udivdi3.o)
 .debug_frame   0x000010e4       0x28 /root/ciaa-ide/gcc-arm-none-eabi-4_9-2015q1/bin/../lib/gcc/arm-none-eabi/4.9.3/../../../../arm-none-eabi/lib/armv7e-m/fpu/libc_nano.a(lib_a-memcpy.o)
 .debug_frame   0x0000110c       0x20 /root/ciaa-ide/gcc-arm-none-eabi-4_9-2015q1/bin/../lib/gcc/arm-none-eabi/4.9.3/../../../../arm-none-eabi/lib/armv7e-m/fpu/libc_nano.a(lib_a-memset.o)

.debug_ranges   0x00000000       0xa0
 .debug_ranges  0x00000000       0x18 myProject/out/libs/sapi/sapi_r0.5.0/src/sapi_uart.o
 .debug_ranges  0x00000018       0x18 myProject/out/libs/vendor_libs/lpc_chip_43xx/src/uart_18xx_43xx.o
 .debug_ranges  0x00000030       0x70 myProject/out/libs/vendor_libs/lpc_startup/src/cr_startup_lpc43xx.o

Cross Reference Table

Symbol                                            File
ADC0_IRQHandler                                   myProject/out/libs/vendor_libs/lpc_startup/src/cr_startup_lpc43xx.o
ADC1_IRQHandler                                   myProject/out/libs/vendor_libs/lpc_startup/src/cr_startup_lpc43xx.o
ADCHS_IRQHandler                                  myProject/out/libs/vendor_libs/lpc_startup/src/cr_startup_lpc43xx.o
ATIMER_IRQHandler                                 myProject/out/libs/vendor_libs/lpc_startup/src/cr_startup_lpc43xx.o
Board_DAC_Init                                    myProject/out/libs/vendor_libs/lpc_board_ciaa_edu_4337/src/board.o
Board_Debug_Init                                  myProject/out/libs/vendor_libs/lpc_board_ciaa_edu_4337/src/board.o
Board_ENET_GetMacADDR                             myProject/out/libs/vendor_libs/lpc_board_ciaa_edu_4337/src/board.o
Board_I2C_Init                                    myProject/out/libs/vendor_libs/lpc_board_ciaa_edu_4337/src/board.o
Board_Init                                        myProject/out/libs/vendor_libs/lpc_board_ciaa_edu_4337/src/board.o
                                                  myProject/out/libs/sapi/sapi_r0.5.0/src/sapi_board.o
Board_LED_Set                                     myProject/out/libs/vendor_libs/lpc_board_ciaa_edu_4337/src/board.o
Board_LED_Test                                    myProject/out/libs/vendor_libs/lpc_board_ciaa_edu_4337/src/board.o
Board_LED_Toggle                                  myProject/out/libs/vendor_libs/lpc_board_ciaa_edu_4337/src/board.o
Board_SDMMC_Init                                  myProject/out/libs/vendor_libs/lpc_board_ciaa_edu_4337/src/board.o
Board_SSP_Init                                    myProject/out/libs/vendor_libs/lpc_board_ciaa_edu_4337/src/board.o
Board_SetupClocking                               myProject/out/libs/vendor_libs/lpc_board_ciaa_edu_4337/src/board_sysinit.o
Board_SetupMuxing                                 myProject/out/libs/vendor_libs/lpc_board_ciaa_edu_4337/src/board_sysinit.o
Board_SystemInit                                  myProject/out/libs/vendor_libs/lpc_board_ciaa_edu_4337/src/board_sysinit.o
                                                  myProject/out/libs/vendor_libs/lpc_board_ciaa_edu_4337/src/sysinit.o
Board_UARTGetChar                                 myProject/out/libs/vendor_libs/lpc_board_ciaa_edu_4337/src/board.o
                                                  myProject/out/libs/vendor_libs/lpc_board_ciaa_edu_4337/src/system.o
Board_UARTPutChar                                 myProject/out/libs/vendor_libs/lpc_board_ciaa_edu_4337/src/board.o
                                                  myProject/out/libs/vendor_libs/lpc_board_ciaa_edu_4337/src/system.o
Board_UARTPutSTR                                  myProject/out/libs/vendor_libs/lpc_board_ciaa_edu_4337/src/board.o
Board_UART_Init                                   myProject/out/libs/vendor_libs/lpc_board_ciaa_edu_4337/src/board.o
BusFault_Handler                                  myProject/out/libs/vendor_libs/lpc_startup/src/cr_startup_lpc43xx.o
CAN0_IRQHandler                                   myProject/out/libs/vendor_libs/lpc_startup/src/cr_startup_lpc43xx.o
CAN1_IRQHandler                                   myProject/out/libs/vendor_libs/lpc_startup/src/cr_startup_lpc43xx.o
CRP_WORD                                          myProject/out/libs/vendor_libs/lpc_startup/src/crp.o
Chip_ADC_DeInit                                   myProject/out/libs/vendor_libs/lpc_chip_43xx/src/adc_18xx_43xx.o
                                                  myProject/out/libs/sapi/sapi_r0.5.0/src/sapi_adc.o
Chip_ADC_EnableChannel                            myProject/out/libs/vendor_libs/lpc_chip_43xx/src/adc_18xx_43xx.o
                                                  myProject/out/libs/sapi/sapi_r0.5.0/src/sapi_adc.o
Chip_ADC_Init                                     myProject/out/libs/vendor_libs/lpc_chip_43xx/src/adc_18xx_43xx.o
                                                  myProject/out/libs/sapi/sapi_r0.5.0/src/sapi_adc.o
Chip_ADC_Int_SetChannelCmd                        myProject/out/libs/vendor_libs/lpc_chip_43xx/src/adc_18xx_43xx.o
                                                  myProject/out/libs/sapi/sapi_r0.5.0/src/sapi_adc.o
Chip_ADC_ReadByte                                 myProject/out/libs/vendor_libs/lpc_chip_43xx/src/adc_18xx_43xx.o
Chip_ADC_ReadStatus                               myProject/out/libs/vendor_libs/lpc_chip_43xx/src/adc_18xx_43xx.o
                                                  myProject/out/libs/sapi/sapi_r0.5.0/src/sapi_adc.o
Chip_ADC_ReadValue                                myProject/out/libs/vendor_libs/lpc_chip_43xx/src/adc_18xx_43xx.o
                                                  myProject/out/libs/sapi/sapi_r0.5.0/src/sapi_adc.o
Chip_ADC_SetBurstCmd                              myProject/out/libs/vendor_libs/lpc_chip_43xx/src/adc_18xx_43xx.o
                                                  myProject/out/libs/sapi/sapi_r0.5.0/src/sapi_adc.o
Chip_ADC_SetResolution                            myProject/out/libs/vendor_libs/lpc_chip_43xx/src/adc_18xx_43xx.o
Chip_ADC_SetSampleRate                            myProject/out/libs/vendor_libs/lpc_chip_43xx/src/adc_18xx_43xx.o
                                                  myProject/out/libs/sapi/sapi_r0.5.0/src/sapi_adc.o
Chip_ADC_SetStartMode                             myProject/out/libs/vendor_libs/lpc_chip_43xx/src/adc_18xx_43xx.o
                                                  myProject/out/libs/sapi/sapi_r0.5.0/src/sapi_adc.o
Chip_AES_Config_DMA                               myProject/out/libs/vendor_libs/lpc_chip_43xx/src/aes_18xx_43xx.o
Chip_AES_GetStatusDMA                             myProject/out/libs/vendor_libs/lpc_chip_43xx/src/aes_18xx_43xx.o
Chip_AES_Init                                     myProject/out/libs/vendor_libs/lpc_chip_43xx/src/aes_18xx_43xx.o
Chip_AES_LoadIV_IC                                myProject/out/libs/vendor_libs/lpc_chip_43xx/src/aes_18xx_43xx.o
Chip_AES_LoadIV_SW                                myProject/out/libs/vendor_libs/lpc_chip_43xx/src/aes_18xx_43xx.o
Chip_AES_LoadKey                                  myProject/out/libs/vendor_libs/lpc_chip_43xx/src/aes_18xx_43xx.o
Chip_AES_LoadKeyRNG                               myProject/out/libs/vendor_libs/lpc_chip_43xx/src/aes_18xx_43xx.o
Chip_AES_LoadKeySW                                myProject/out/libs/vendor_libs/lpc_chip_43xx/src/aes_18xx_43xx.o
Chip_AES_Operate                                  myProject/out/libs/vendor_libs/lpc_chip_43xx/src/aes_18xx_43xx.o
Chip_AES_OperateDMA                               myProject/out/libs/vendor_libs/lpc_chip_43xx/src/aes_18xx_43xx.o
Chip_AES_ProgramKey                               myProject/out/libs/vendor_libs/lpc_chip_43xx/src/aes_18xx_43xx.o
Chip_AES_SetMode                                  myProject/out/libs/vendor_libs/lpc_chip_43xx/src/aes_18xx_43xx.o
Chip_ATIMER_DeInit                                myProject/out/libs/vendor_libs/lpc_chip_43xx/src/atimer_18xx_43xx.o
Chip_ATIMER_Init                                  myProject/out/libs/vendor_libs/lpc_chip_43xx/src/atimer_18xx_43xx.o
Chip_CCAN_AddReceiveID                            myProject/out/libs/vendor_libs/lpc_chip_43xx/src/ccan_18xx_43xx.o
Chip_CCAN_ClearStatus                             myProject/out/libs/vendor_libs/lpc_chip_43xx/src/ccan_18xx_43xx.o
Chip_CCAN_DeInit                                  myProject/out/libs/vendor_libs/lpc_chip_43xx/src/ccan_18xx_43xx.o
Chip_CCAN_DeleteReceiveID                         myProject/out/libs/vendor_libs/lpc_chip_43xx/src/ccan_18xx_43xx.o
Chip_CCAN_GetMsgObject                            myProject/out/libs/vendor_libs/lpc_chip_43xx/src/ccan_18xx_43xx.o
Chip_CCAN_Init                                    myProject/out/libs/vendor_libs/lpc_chip_43xx/src/ccan_18xx_43xx.o
Chip_CCAN_Send                                    myProject/out/libs/vendor_libs/lpc_chip_43xx/src/ccan_18xx_43xx.o
Chip_CCAN_SetBitRate                              myProject/out/libs/vendor_libs/lpc_chip_43xx/src/ccan_18xx_43xx.o
Chip_CCAN_SetMsgObject                            myProject/out/libs/vendor_libs/lpc_chip_43xx/src/ccan_18xx_43xx.o
Chip_CCAN_SetValidMsg                             myProject/out/libs/vendor_libs/lpc_chip_43xx/src/ccan_18xx_43xx.o
Chip_CCAN_TransferMsgObject                       myProject/out/libs/vendor_libs/lpc_chip_43xx/src/ccan_18xx_43xx.o
Chip_Clock_CalcMainPLLValue                       myProject/out/libs/vendor_libs/lpc_chip_43xx/src/clock_18xx_43xx.o
                                                  myProject/out/libs/vendor_libs/lpc_chip_43xx/src/sysinit_18xx_43xx.o
Chip_Clock_ClearPowerDown                         myProject/out/libs/vendor_libs/lpc_chip_43xx/src/clock_18xx_43xx.o
Chip_Clock_Disable                                myProject/out/libs/vendor_libs/lpc_chip_43xx/src/clock_18xx_43xx.o
                                                  myProject/out/libs/vendor_libs/lpc_chip_43xx/src/i2c_18xx_43xx.o
                                                  myProject/out/libs/vendor_libs/lpc_chip_43xx/src/lcd_18xx_43xx.o
                                                  myProject/out/libs/vendor_libs/lpc_chip_43xx/src/ssp_18xx_43xx.o
                                                  myProject/out/libs/vendor_libs/lpc_chip_43xx/src/enet_18xx_43xx.o
                                                  myProject/out/libs/vendor_libs/lpc_chip_43xx/src/gpdma_18xx_43xx.o
                                                  myProject/out/libs/vendor_libs/lpc_chip_43xx/src/i2s_18xx_43xx.o
                                                  myProject/out/libs/vendor_libs/lpc_chip_43xx/src/spi_18xx_43xx.o
                                                  myProject/out/libs/vendor_libs/lpc_chip_43xx/src/sct_18xx_43xx.o
                                                  myProject/out/libs/vendor_libs/lpc_chip_43xx/src/i2cm_18xx_43xx.o
                                                  myProject/out/libs/vendor_libs/lpc_chip_43xx/src/timer_18xx_43xx.o
                                                  myProject/out/libs/vendor_libs/lpc_chip_43xx/src/sdif_18xx_43xx.o
                                                  myProject/out/libs/vendor_libs/lpc_chip_43xx/src/ccan_18xx_43xx.o
                                                  myProject/out/libs/vendor_libs/lpc_chip_43xx/src/adc_18xx_43xx.o
                                                  myProject/out/libs/vendor_libs/lpc_chip_43xx/src/uart_18xx_43xx.o
                                                  myProject/out/libs/vendor_libs/lpc_chip_43xx/src/ritimer_18xx_43xx.o
                                                  myProject/out/libs/vendor_libs/lpc_chip_43xx/src/dac_18xx_43xx.o
Chip_Clock_DisableBaseClock                       myProject/out/libs/vendor_libs/lpc_chip_43xx/src/clock_18xx_43xx.o
Chip_Clock_DisableCrystal                         myProject/out/libs/vendor_libs/lpc_chip_43xx/src/clock_18xx_43xx.o
Chip_Clock_DisablePLL                             myProject/out/libs/vendor_libs/lpc_chip_43xx/src/clock_18xx_43xx.o
Chip_Clock_Enable                                 myProject/out/libs/vendor_libs/lpc_chip_43xx/src/clock_18xx_43xx.o
                                                  myProject/out/libs/vendor_libs/lpc_chip_43xx/src/i2c_18xx_43xx.o
                                                  myProject/out/libs/vendor_libs/lpc_chip_43xx/src/ssp_18xx_43xx.o
                                                  myProject/out/libs/vendor_libs/lpc_chip_43xx/src/i2s_18xx_43xx.o
                                                  myProject/out/libs/vendor_libs/lpc_chip_43xx/src/spi_18xx_43xx.o
                                                  myProject/out/libs/vendor_libs/lpc_chip_43xx/src/i2cm_18xx_43xx.o
                                                  myProject/out/libs/vendor_libs/lpc_chip_43xx/src/timer_18xx_43xx.o
Chip_Clock_EnableBaseClock                        myProject/out/libs/vendor_libs/lpc_chip_43xx/src/clock_18xx_43xx.o
                                                  myProject/out/libs/vendor_libs/lpc_chip_43xx/src/chip_18xx_43xx.o
Chip_Clock_EnableCrystal                          myProject/out/libs/vendor_libs/lpc_chip_43xx/src/clock_18xx_43xx.o
                                                  myProject/out/libs/vendor_libs/lpc_chip_43xx/src/sysinit_18xx_43xx.o
Chip_Clock_EnableOpts                             myProject/out/libs/vendor_libs/lpc_chip_43xx/src/clock_18xx_43xx.o
                                                  myProject/out/libs/vendor_libs/lpc_chip_43xx/src/lcd_18xx_43xx.o
                                                  myProject/out/libs/vendor_libs/lpc_chip_43xx/src/enet_18xx_43xx.o
                                                  myProject/out/libs/vendor_libs/lpc_chip_43xx/src/gpdma_18xx_43xx.o
                                                  myProject/out/libs/vendor_libs/lpc_chip_43xx/src/sct_18xx_43xx.o
                                                  myProject/out/libs/vendor_libs/lpc_chip_43xx/src/sdif_18xx_43xx.o
                                                  myProject/out/libs/vendor_libs/lpc_chip_43xx/src/chip_18xx_43xx.o
                                                  myProject/out/libs/vendor_libs/lpc_chip_43xx/src/ccan_18xx_43xx.o
                                                  myProject/out/libs/vendor_libs/lpc_chip_43xx/src/adc_18xx_43xx.o
                                                  myProject/out/libs/vendor_libs/lpc_chip_43xx/src/uart_18xx_43xx.o
                                                  myProject/out/libs/vendor_libs/lpc_chip_43xx/src/ritimer_18xx_43xx.o
                                                  myProject/out/libs/vendor_libs/lpc_chip_43xx/src/dac_18xx_43xx.o
Chip_Clock_EnablePLL                              myProject/out/libs/vendor_libs/lpc_chip_43xx/src/clock_18xx_43xx.o
                                                  myProject/out/libs/vendor_libs/lpc_chip_43xx/src/chip_18xx_43xx.o
Chip_Clock_GetBaseClock                           myProject/out/libs/vendor_libs/lpc_chip_43xx/src/clock_18xx_43xx.o
Chip_Clock_GetBaseClockOpts                       myProject/out/libs/vendor_libs/lpc_chip_43xx/src/clock_18xx_43xx.o
Chip_Clock_GetBaseClocktHz                        myProject/out/libs/vendor_libs/lpc_chip_43xx/src/clock_18xx_43xx.o
                                                  myProject/out/libs/vendor_libs/lpc_chip_43xx/src/sdio_18xx_43xx.o
                                                  myProject/out/libs/vendor_libs/lpc_chip_43xx/src/sdmmc_18xx_43xx.o
Chip_Clock_GetClockInputHz                        myProject/out/libs/vendor_libs/lpc_chip_43xx/src/clock_18xx_43xx.o
                                                  myProject/out/libs/vendor_libs/lpc_chip_43xx/src/chip_18xx_43xx.o
Chip_Clock_GetDividerDivisor                      myProject/out/libs/vendor_libs/lpc_chip_43xx/src/clock_18xx_43xx.o
Chip_Clock_GetDividerSource                       myProject/out/libs/vendor_libs/lpc_chip_43xx/src/clock_18xx_43xx.o
Chip_Clock_GetEMCRate                             myProject/out/libs/vendor_libs/lpc_chip_43xx/src/clock_18xx_43xx.o
                                                  myProject/out/libs/vendor_libs/lpc_chip_43xx/src/emc_18xx_43xx.o
Chip_Clock_GetMainPLLHz                           myProject/out/libs/vendor_libs/lpc_chip_43xx/src/clock_18xx_43xx.o
Chip_Clock_GetPLLStatus                           myProject/out/libs/vendor_libs/lpc_chip_43xx/src/clock_18xx_43xx.o
                                                  myProject/out/libs/vendor_libs/lpc_chip_43xx/src/chip_18xx_43xx.o
Chip_Clock_GetRate                                myProject/out/libs/vendor_libs/lpc_chip_43xx/src/clock_18xx_43xx.o
                                                  myProject/out/libs/vendor_libs/lpc_chip_43xx/src/i2c_18xx_43xx.o
                                                  myProject/out/libs/vendor_libs/lpc_chip_43xx/src/ssp_18xx_43xx.o
                                                  myProject/out/libs/vendor_libs/lpc_chip_43xx/src/sct_pwm_18xx_43xx.o
                                                  myProject/out/libs/vendor_libs/lpc_chip_43xx/src/i2s_18xx_43xx.o
                                                  myProject/out/libs/vendor_libs/lpc_chip_43xx/src/spi_18xx_43xx.o
                                                  myProject/out/libs/vendor_libs/lpc_chip_43xx/src/eeprom_18xx_43xx.o
                                                  myProject/out/libs/vendor_libs/lpc_chip_43xx/src/i2cm_18xx_43xx.o
                                                  myProject/out/libs/vendor_libs/lpc_chip_43xx/src/chip_18xx_43xx.o
                                                  myProject/out/libs/vendor_libs/lpc_chip_43xx/src/ccan_18xx_43xx.o
                                                  myProject/out/libs/vendor_libs/lpc_chip_43xx/src/stopwatch_18xx_43xx.o
                                                  myProject/out/libs/vendor_libs/lpc_chip_43xx/src/adc_18xx_43xx.o
                                                  myProject/out/libs/vendor_libs/lpc_chip_43xx/src/uart_18xx_43xx.o
                                                  myProject/out/libs/vendor_libs/lpc_chip_43xx/src/ritimer_18xx_43xx.o
Chip_Clock_IsBaseClockEnabled                     myProject/out/libs/vendor_libs/lpc_chip_43xx/src/clock_18xx_43xx.o
Chip_Clock_RTCEnable                              myProject/out/libs/vendor_libs/lpc_chip_43xx/src/clock_18xx_43xx.o
                                                  myProject/out/libs/vendor_libs/lpc_chip_43xx/src/rtc_18xx_43xx.o
Chip_Clock_SetBaseClock                           myProject/out/libs/vendor_libs/lpc_chip_43xx/src/clock_18xx_43xx.o
                                                  myProject/out/libs/vendor_libs/lpc_chip_43xx/src/sysinit_18xx_43xx.o
                                                  myProject/out/libs/vendor_libs/lpc_chip_43xx/src/chip_18xx_43xx.o
                                                  myProject/out/libs/vendor_libs/lpc_board_ciaa_edu_4337/src/board_sysinit.o
Chip_Clock_SetDivider                             myProject/out/libs/vendor_libs/lpc_chip_43xx/src/clock_18xx_43xx.o
                                                  myProject/out/libs/vendor_libs/lpc_chip_43xx/src/chip_18xx_43xx.o
Chip_Clock_SetupMainPLLHz                         myProject/out/libs/vendor_libs/lpc_chip_43xx/src/clock_18xx_43xx.o
Chip_Clock_SetupMainPLLMult                       myProject/out/libs/vendor_libs/lpc_chip_43xx/src/clock_18xx_43xx.o
Chip_Clock_SetupPLL                               myProject/out/libs/vendor_libs/lpc_chip_43xx/src/clock_18xx_43xx.o
                                                  myProject/out/libs/vendor_libs/lpc_chip_43xx/src/chip_18xx_43xx.o
Chip_Clock_StartPowerDown                         myProject/out/libs/vendor_libs/lpc_chip_43xx/src/clock_18xx_43xx.o
Chip_DAC_DeInit                                   myProject/out/libs/vendor_libs/lpc_chip_43xx/src/dac_18xx_43xx.o
                                                  myProject/out/libs/sapi/sapi_r0.5.0/src/sapi_dac.o
Chip_DAC_Init                                     myProject/out/libs/vendor_libs/lpc_chip_43xx/src/dac_18xx_43xx.o
                                                  myProject/out/libs/sapi/sapi_r0.5.0/src/sapi_dac.o
Chip_DAC_SetBias                                  myProject/out/libs/vendor_libs/lpc_chip_43xx/src/dac_18xx_43xx.o
Chip_DAC_UpdateValue                              myProject/out/libs/vendor_libs/lpc_chip_43xx/src/dac_18xx_43xx.o
                                                  myProject/out/libs/sapi/sapi_r0.5.0/src/sapi_dac.o
Chip_EEPROM_EraseProgramPage                      myProject/out/libs/vendor_libs/lpc_chip_43xx/src/eeprom_18xx_43xx.o
Chip_EEPROM_Init                                  myProject/out/libs/vendor_libs/lpc_chip_43xx/src/eeprom_18xx_43xx.o
Chip_EEPROM_WaitForIntStatus                      myProject/out/libs/vendor_libs/lpc_chip_43xx/src/eeprom_18xx_43xx.o
Chip_EMC_Dynamic_Enable                           myProject/out/libs/vendor_libs/lpc_chip_43xx/src/emc_18xx_43xx.o
Chip_EMC_Dynamic_Init                             myProject/out/libs/vendor_libs/lpc_chip_43xx/src/emc_18xx_43xx.o
Chip_EMC_Enable                                   myProject/out/libs/vendor_libs/lpc_chip_43xx/src/emc_18xx_43xx.o
Chip_EMC_Init                                     myProject/out/libs/vendor_libs/lpc_chip_43xx/src/emc_18xx_43xx.o
Chip_EMC_LowPowerMode                             myProject/out/libs/vendor_libs/lpc_chip_43xx/src/emc_18xx_43xx.o
Chip_EMC_Mirror                                   myProject/out/libs/vendor_libs/lpc_chip_43xx/src/emc_18xx_43xx.o
Chip_EMC_Static_Init                              myProject/out/libs/vendor_libs/lpc_chip_43xx/src/emc_18xx_43xx.o
Chip_ENET_DeInit                                  myProject/out/libs/vendor_libs/lpc_chip_43xx/src/enet_18xx_43xx.o
Chip_ENET_Init                                    myProject/out/libs/vendor_libs/lpc_chip_43xx/src/enet_18xx_43xx.o
Chip_ENET_SetDuplex                               myProject/out/libs/vendor_libs/lpc_chip_43xx/src/enet_18xx_43xx.o
Chip_ENET_SetSpeed                                myProject/out/libs/vendor_libs/lpc_chip_43xx/src/enet_18xx_43xx.o
Chip_ENET_SetupMII                                myProject/out/libs/vendor_libs/lpc_chip_43xx/src/enet_18xx_43xx.o
Chip_ENET_StartMIIRead                            myProject/out/libs/vendor_libs/lpc_chip_43xx/src/enet_18xx_43xx.o
Chip_ENET_StartMIIWrite                           myProject/out/libs/vendor_libs/lpc_chip_43xx/src/enet_18xx_43xx.o
Chip_EVRT_ConfigIntSrcActiveType                  myProject/out/libs/vendor_libs/lpc_chip_43xx/src/evrt_18xx_43xx.o
Chip_EVRT_Init                                    myProject/out/libs/vendor_libs/lpc_chip_43xx/src/evrt_18xx_43xx.o
Chip_EVRT_IsSourceInterrupting                    myProject/out/libs/vendor_libs/lpc_chip_43xx/src/evrt_18xx_43xx.o
Chip_EVRT_SetUpIntSrc                             myProject/out/libs/vendor_libs/lpc_chip_43xx/src/evrt_18xx_43xx.o
Chip_GPDMA_ChannelCmd                             myProject/out/libs/vendor_libs/lpc_chip_43xx/src/gpdma_18xx_43xx.o
Chip_GPDMA_ClearIntPending                        myProject/out/libs/vendor_libs/lpc_chip_43xx/src/gpdma_18xx_43xx.o
Chip_GPDMA_DeInit                                 myProject/out/libs/vendor_libs/lpc_chip_43xx/src/gpdma_18xx_43xx.o
Chip_GPDMA_GetFreeChannel                         myProject/out/libs/vendor_libs/lpc_chip_43xx/src/gpdma_18xx_43xx.o
Chip_GPDMA_Init                                   myProject/out/libs/vendor_libs/lpc_chip_43xx/src/gpdma_18xx_43xx.o
Chip_GPDMA_InitChannelCfg                         myProject/out/libs/vendor_libs/lpc_chip_43xx/src/gpdma_18xx_43xx.o
Chip_GPDMA_IntGetStatus                           myProject/out/libs/vendor_libs/lpc_chip_43xx/src/gpdma_18xx_43xx.o
Chip_GPDMA_Interrupt                              myProject/out/libs/vendor_libs/lpc_chip_43xx/src/gpdma_18xx_43xx.o
Chip_GPDMA_PrepareDescriptor                      myProject/out/libs/vendor_libs/lpc_chip_43xx/src/gpdma_18xx_43xx.o
Chip_GPDMA_SGTransfer                             myProject/out/libs/vendor_libs/lpc_chip_43xx/src/gpdma_18xx_43xx.o
Chip_GPDMA_Stop                                   myProject/out/libs/vendor_libs/lpc_chip_43xx/src/gpdma_18xx_43xx.o
Chip_GPDMA_Transfer                               myProject/out/libs/vendor_libs/lpc_chip_43xx/src/gpdma_18xx_43xx.o
Chip_GPIO_DeInit                                  myProject/out/libs/vendor_libs/lpc_chip_43xx/src/gpio_18xx_43xx.o
Chip_GPIO_Init                                    myProject/out/libs/vendor_libs/lpc_chip_43xx/src/gpio_18xx_43xx.o
                                                  myProject/out/libs/vendor_libs/lpc_board_ciaa_edu_4337/src/board.o
                                                  myProject/out/libs/sapi/sapi_r0.5.0/src/sapi_gpio.o
Chip_I2CM_DeInit                                  myProject/out/libs/vendor_libs/lpc_chip_43xx/src/i2cm_18xx_43xx.o
Chip_I2CM_Init                                    myProject/out/libs/vendor_libs/lpc_chip_43xx/src/i2cm_18xx_43xx.o
Chip_I2CM_Read                                    myProject/out/libs/vendor_libs/lpc_chip_43xx/src/i2cm_18xx_43xx.o
Chip_I2CM_SetBusSpeed                             myProject/out/libs/vendor_libs/lpc_chip_43xx/src/i2cm_18xx_43xx.o
Chip_I2CM_Write                                   myProject/out/libs/vendor_libs/lpc_chip_43xx/src/i2cm_18xx_43xx.o
Chip_I2CM_Xfer                                    myProject/out/libs/vendor_libs/lpc_chip_43xx/src/i2cm_18xx_43xx.o
Chip_I2CM_XferBlocking                            myProject/out/libs/vendor_libs/lpc_chip_43xx/src/i2cm_18xx_43xx.o
                                                  myProject/out/libs/sapi/sapi_r0.5.0/src/sapi_i2c.o
Chip_I2CM_XferHandler                             myProject/out/libs/vendor_libs/lpc_chip_43xx/src/i2cm_18xx_43xx.o
Chip_I2C_DeInit                                   myProject/out/libs/vendor_libs/lpc_chip_43xx/src/i2c_18xx_43xx.o
Chip_I2C_Disable                                  myProject/out/libs/vendor_libs/lpc_chip_43xx/src/i2c_18xx_43xx.o
Chip_I2C_EventHandler                             myProject/out/libs/vendor_libs/lpc_chip_43xx/src/i2c_18xx_43xx.o
Chip_I2C_EventHandlerPolling                      myProject/out/libs/vendor_libs/lpc_chip_43xx/src/i2c_18xx_43xx.o
                                                  myProject/out/libs/sapi/sapi_r0.5.0/src/sapi_i2c.o
Chip_I2C_GetClockRate                             myProject/out/libs/vendor_libs/lpc_chip_43xx/src/i2c_18xx_43xx.o
Chip_I2C_GetMasterEventHandler                    myProject/out/libs/vendor_libs/lpc_chip_43xx/src/i2c_18xx_43xx.o
Chip_I2C_Init                                     myProject/out/libs/vendor_libs/lpc_chip_43xx/src/i2c_18xx_43xx.o
                                                  myProject/out/libs/sapi/sapi_r0.5.0/src/sapi_i2c.o
Chip_I2C_IsMasterActive                           myProject/out/libs/vendor_libs/lpc_chip_43xx/src/i2c_18xx_43xx.o
Chip_I2C_IsStateChanged                           myProject/out/libs/vendor_libs/lpc_chip_43xx/src/i2c_18xx_43xx.o
Chip_I2C_MasterCmdRead                            myProject/out/libs/vendor_libs/lpc_chip_43xx/src/i2c_18xx_43xx.o
Chip_I2C_MasterRead                               myProject/out/libs/vendor_libs/lpc_chip_43xx/src/i2c_18xx_43xx.o
Chip_I2C_MasterSend                               myProject/out/libs/vendor_libs/lpc_chip_43xx/src/i2c_18xx_43xx.o
Chip_I2C_MasterStateHandler                       myProject/out/libs/vendor_libs/lpc_chip_43xx/src/i2c_18xx_43xx.o